ARM Linker, 5.03 [Build 76] [MDK-ARM Standard]

==============================================================================

Section Cross References

    arg.o(.text) refers to arg.o(.bss) for bufs
    autostart.o(.text) refers to process.o(.text) for process_start
    compower.o(.text) refers to energest.o(.text) for energest_flush
    compower.o(.text) refers to packetbuf.o(.text) for packetbuf_attr
    compower.o(.text) refers to compower.o(.data) for compower_idle_activity
    ctimer.o(.text) refers to list.o(.text) for list_head
    ctimer.o(.text) refers to etimer.o(.text) for etimer_set
    ctimer.o(.text) refers to process.o(.text) for process_start
    ctimer.o(.text) refers to ctimer.o(.data) for ctimer_list
    ctimer.o(.text) refers to process.o(.data) for process_current
    ctimer.o(.data) refers to ctimer.o(.conststring) for .conststring
    ctimer.o(.data) refers to ctimer.o(.text) for process_thread_ctimer_process
    etimer.o(.text) refers to clock.o(.text) for clock_time
    etimer.o(.text) refers to process.o(.text) for process_poll
    etimer.o(.text) refers to timer.o(.text) for timer_expired
    etimer.o(.text) refers to etimer.o(.data) for timerlist
    etimer.o(.text) refers to process.o(.data) for process_current
    etimer.o(.data) refers to etimer.o(.conststring) for .conststring
    etimer.o(.data) refers to etimer.o(.text) for process_thread_etimer_process
    mt.o(.text) refers to mtarch.o(.text) for mtarch_init
    mt.o(.text) refers to mt.o(.data) for current
    process.o(.text) refers to process.o(.data) for lastevent
    process.o(.text) refers to process.o(.bss) for events
    rtimer.o(.text) refers to rtimer-arch.o(.text) for rtimer_arch_init
    rtimer.o(.text) refers to rtimer.o(.data) for next_rtimer
    stimer.o(.text) refers to clock.o(.text) for clock_seconds
    timer.o(.text) refers to clock.o(.text) for clock_time
    linkaddr.o(.text) refers to memcmp.o(.text) for memcmp
    linkaddr.o(.text) refers to linkaddr.o(.data) for linkaddr_node_addr
    nbr-table.o(.text) refers to list.o(.text) for list_head
    nbr-table.o(.text) refers to linkaddr.o(.text) for linkaddr_cmp
    nbr-table.o(.text) refers to memb.o(.text) for memb_alloc
    nbr-table.o(.text) refers to memseta.o(.text) for __aeabi_memclr
    nbr-table.o(.text) refers to nbr-table.o(.data) for neighbor_addr_mem
    nbr-table.o(.text) refers to linkaddr.o(.constdata) for linkaddr_null
    nbr-table.o(.text) refers to nbr-table.o(.bss) for all_tables
    nbr-table.o(.data) refers to nbr-table.o(.bss) for neighbor_addr_mem_memb_mem
    packetbuf.o(.text) refers to linkaddr.o(.text) for linkaddr_copy
    packetbuf.o(.text) refers to memmovea.o(.text) for __aeabi_memcpy
    packetbuf.o(.text) refers to packetbuf.o(.bss) for packetbuf_attrs
    packetbuf.o(.text) refers to packetbuf.o(.data) for packetbuf_addrs
    packetbuf.o(.text) refers to linkaddr.o(.constdata) for linkaddr_null
    packetbuf.o(.data) refers to packetbuf.o(.bss) for packetbuf_aligned
    queuebuf.o(.text) refers to memb.o(.text) for memb_init
    queuebuf.o(.text) refers to packetbuf.o(.text) for packetbuf_copyto
    queuebuf.o(.text) refers to queuebuf.o(.data) for buframmem
    queuebuf.o(.data) refers to queuebuf.o(.bss) for bufmem_memb_mem
    aes-128.o(.text) refers to memmovea.o(.text) for __aeabi_memcpy
    aes-128.o(.text) refers to aes-128.o(.bss) for round_keys
    aes-128.o(.text) refers to aes-128.o(.constdata) for sbox
    aes-128.o(.constdata) refers to aes-128.o(.text) for set_key
    assert.o(.text) refers to printf3.o(i.__0printf$3) for __2printf
    ccm-star.o(.text) refers to memmovea.o(.text) for __aeabi_memcpy
    ccm-star.o(.text) refers to aes-128.o(.constdata) for aes_128_driver
    ccm-star.o(.constdata) refers to ccm-star.o(.text) for set_key
    gcr.o(.text) refers to gcr.o(.data) for gcr_val
    gcr.o(.text) refers to gcr.o(.constdata) for GCR_encode
    ifft.o(.text) refers to ifft.o(.constdata) for SIN_TAB
    me.o(.text) refers to me_tabs.o(.constdata) for me_encode_tab
    memb.o(.text) refers to memseta.o(.text) for __aeabi_memclr
    mmem.o(.text) refers to list.o(.text) for list_add
    mmem.o(.text) refers to memmovea.o(.text) for __aeabi_memmove
    mmem.o(.text) refers to mmem.o(.data) for avail_memory
    mmem.o(.text) refers to mmem.o(.bss) for memory
    petsciiconv.o(.text) refers to petsciiconv.o(.data) for ascii2petscii
    random.o(.text) refers to rand.o(.text) for srand
    trickle-timer.o(.text) refers to random.o(.text) for random_rand
    trickle-timer.o(.text) refers to clock.o(.text) for clock_time
    trickle-timer.o(.text) refers to ctimer.o(.text) for ctimer_set
    trickle-timer.o(.text) refers to trickle-timer.o(.data) for loctt
    serial-line.o(.text) refers to ringbuf.o(.text) for ringbuf_put
    serial-line.o(.text) refers to process.o(.text) for process_poll
    serial-line.o(.text) refers to serial-line.o(.data) for overflow
[...]
    printfa.o(i._printf_core) refers to printfa.o(i._printf_pre_padding) for _printf_pre_padding
    printfa.o(i._printf_core) refers to uldiv.o(.text) for __aeabi_uldivmod
    printfa.o(i._printf_core) refers to printfa.o(i._printf_post_padding) for _printf_post_padding
    printfa.o(i._printf_core) refers to printfa.o(i._fp_digits) for _fp_digits
    printfa.o(i._printf_core) refers to uidiv.o(.text) for __aeabi_uidivmod
    printfa.o(i._printf_post_padding) refers (Special) to iusefp.o(.text) for __I$use$fp
    printfa.o(i._printf_pre_padding) refers (Special) to iusefp.o(.text) for __I$use$fp
    printfa.o(i._snputc) refers (Special) to iusefp.o(.text) for __I$use$fp
    printfa.o(i._sputc) refers (Special) to iusefp.o(.text) for __I$use$fp
    entry2.o(.ARM.Collect$$$$00000001) refers to entry2.o(.ARM.Collect$$$$00002712) for __lit__00000000
    entry2.o(.ARM.Collect$$$$00002712) refers to startup_stm32f10x_hd.o(STACK) for __initial_sp
    entry2.o(__vectab_stack_and_reset_area) refers to startup_stm32f10x_hd.o(STACK) for __initial_sp
    entry2.o(__vectab_stack_and_reset_area) refers to entry.o(.ARM.Collect$$$$00000000) for __main
    entry5.o(.ARM.Collect$$$$00000004) refers to init.o(.text) for __scatterload
    entry9a.o(.ARM.Collect$$$$0000000B) refers to contiki-main.o(.text) for main
    entry9b.o(.ARM.Collect$$$$0000000C) refers to contiki-main.o(.text) for main
    uldiv.o(.text) refers to llushr.o(.text) for __aeabi_llsr
    uldiv.o(.text) refers to llshl.o(.text) for __aeabi_llsl
    dadd.o(.text) refers to llshl.o(.text) for __aeabi_llsl
    dadd.o(.text) refers to llsshr.o(.text) for __aeabi_lasr
    dadd.o(.text) refers to depilogue.o(.text) for _double_epilogue
    dmul.o(.text) refers to depilogue.o(.text) for _double_epilogue
    ddiv.o(.text) refers to depilogue.o(.text) for _double_round
    dfixul.o(.text) refers to llushr.o(.text) for __aeabi_llsr
    dfixul.o(.text) refers to llshl.o(.text) for __aeabi_llsl
    init.o(.text) refers to entry5.o(.ARM.Collect$$$$00000004) for __main_after_scatterload
    depilogue.o(.text) refers to llshl.o(.text) for __aeabi_llsl
    depilogue.o(.text) refers to llushr.o(.text) for __aeabi_llsr


==============================================================================

Removing Unused input sections from the image.

    Removing arg.o(.text), (56 bytes).
    Removing arg.o(.bss), (129 bytes).
    Removing autostart.o(.text), (58 bytes).
    Removing compower.o(.text), (164 bytes).
    Removing compower.o(.data), (16 bytes).
    Removing ctimer.o(.text), (488 bytes).
    Removing ctimer.o(.conststring), (15 bytes).
    Removing ctimer.o(.data), (25 bytes).
    Removing energest.o(.text), (12 bytes).
    Removing mt.o(.text), (136 bytes).
    Removing mt.o(.data), (4 bytes).
    Removing stimer.o(.text), (102 bytes).
    Removing linkaddr.o(.text), (52 bytes).
    Removing linkaddr.o(.constdata), (2 bytes).
    Removing nbr-table.o(.text), (952 bytes).
    Removing nbr-table.o(.bss), (96 bytes).
    Removing nbr-table.o(.data), (48 bytes).
    Removing packetbuf.o(.text), (640 bytes).
    Removing packetbuf.o(.bss), (208 bytes).
    Removing packetbuf.o(.data), (20 bytes).
    Removing queuebuf.o(.text), (348 bytes).
    Removing queuebuf.o(.bss), (1344 bytes).
    Removing queuebuf.o(.data), (40 bytes).
    Removing aes-128.o(.text), (656 bytes).
    Removing aes-128.o(.bss), (176 bytes).
    Removing aes-128.o(.constdata), (264 bytes).
    Removing assert.o(.text), (60 bytes).
    Removing ccm-star.o(.text), (508 bytes).
    Removing ccm-star.o(.constdata), (8 bytes).
    Removing crc16.o(.text), (72 bytes).
    Removing gcr.o(.text), (284 bytes).
    Removing gcr.o(.constdata), (48 bytes).
    Removing gcr.o(.data), (4 bytes).
    Removing ifft.o(.text), (544 bytes).
    Removing ifft.o(.constdata), (120 bytes).
    Removing me.o(.text), (64 bytes).
    Removing me_tabs.o(.constdata), (1024 bytes).
    Removing memb.o(.text), (186 bytes).
    Removing mmem.o(.text), (188 bytes).
    Removing mmem.o(.bss), (4096 bytes).
    Removing mmem.o(.data), (16 bytes).
    Removing petsciiconv.o(.text), (120 bytes).
    Removing petsciiconv.o(.data), (128 bytes).
    Removing print-stats.o(.text), (2 bytes).
    Removing random.o(.text), (22 bytes).
    Removing trickle-timer.o(.text), (612 bytes).
    Removing trickle-timer.o(.data), (8 bytes).
    Removing uip.o(.text), (5024 bytes).
    Removing uip.o(.bss), (1880 bytes).
    Removing uip.o(.constdata), (8 bytes).
    Removing uip.o(.data), (60 bytes).
    Removing uip_arp.o(.text), (1060 bytes).
    Removing uip_arp.o(.bss), (96 bytes).
    Removing uip_arp.o(.constdata), (6 bytes).
    Removing uip_arp.o(.data), (8 bytes).
    Removing tcpip.o(.text), (1106 bytes).
    Removing tcpip.o(.bss), (180 bytes).
    Removing tcpip.o(.conststring), (13 bytes).
    Removing tcpip.o(.data), (28 bytes).
    Removing stm32f10x_adc.o(.text), (1102 bytes).
    Removing stm32f10x_bkp.o(.text), (196 bytes).
    Removing stm32f10x_can.o(.text), (2540 bytes).
    Removing stm32f10x_cec.o(.text), (288 bytes).
    Removing stm32f10x_crc.o(.text), (72 bytes).
    Removing stm32f10x_dac.o(.text), (396 bytes).
    Removing stm32f10x_dbgmcu.o(.text), (48 bytes).
    Removing stm32f10x_dma.o(.text), (592 bytes).
    Removing stm32f10x_exti.o(.text), (284 bytes).
    Removing stm32f10x_flash.o(.text), (1468 bytes).
    Removing stm32f10x_fsmc.o(.text), (1560 bytes).
    Removing stm32f10x_i2c.o(.text), (1028 bytes).
    Removing stm32f10x_iwdg.o(.text), (64 bytes).
    Removing stm32f10x_pwr.o(.text), (204 bytes).
    Removing stm32f10x_rtc.o(.text), (324 bytes).
    Removing stm32f10x_sdio.o(.text), (472 bytes).
    Removing stm32f10x_spi.o(.text), (780 bytes).
    Removing stm32f10x_wwdg.o(.text), (136 bytes).
    Removing mtarch.o(.text), (16 bytes).
    Removing enc28j60.o(.text), (1180 bytes).
    Removing enc28j60.o(.bss), (16 bytes).
    Removing enc28j60.o(.conststring), (18 bytes).
    Removing enc28j60.o(.data), (34 bytes).
    Removing stm32_enc_example.o(.text), (96 bytes).
    Removing stm32_enc_example.o(.data), (12 bytes).
    Removing enc28j160_arch.o(.text), (268 bytes).
    Removing shell-run.o(.text), (432 bytes).
    Removing shell-run.o(.conststring), (33 bytes).
    Removing shell-run.o(.data), (36 bytes).
    Removing core_cm3.o(.emb_text), (32 bytes).
    Removing startup_stm32f10x_hd.o(HEAP), (512 bytes).
    Removing dadd.o(.text), (334 bytes).
    Removing dmul.o(.text), (228 bytes).
    Removing ddiv.o(.text), (222 bytes).
    Removing dfixul.o(.text), (48 bytes).
    Removing cdrcmple.o(.text), (40 bytes).
    Removing depilogue.o(.text), (190 bytes).

96 unused section(s) (total 38935 bytes) removed from the image.

==============================================================================

Image Symbol Table

    Local Symbols

    Symbol Name                              Value     Ov Type        Size  Object(Section)

    ../clib/../cmprslib/zerorunl2.c          0x00000000   Number         0  __dczerorl2.o ABSOLUTE
    ../clib/microlib/ctype/ctype.c           0x00000000   Number         0  isgraph_o.o ABSOLUTE
    ../clib/microlib/ctype/ctype.c           0x00000000   Number         0  iscntrl_o.o ABSOLUTE
    ../clib/microlib/ctype/ctype.c           0x00000000   Number         0  isblank_o.o ABSOLUTE
    ../clib/microlib/ctype/ctype.c           0x00000000   Number         0  isalpha_o.o ABSOLUTE
    ../clib/microlib/ctype/ctype.c           0x00000000   Number         0  isalnum_o.o ABSOLUTE
    ../clib/microlib/ctype/ctype.c           0x00000000   Number         0  ctype_o.o ABSOLUTE
    ../clib/microlib/ctype/ctype.c           0x00000000   Number         0  isxdigit_o.o ABSOLUTE
    ../clib/microlib/ctype/ctype.c           0x00000000   Number         0  isupper_o.o ABSOLUTE
    ../clib/microlib/ctype/ctype.c           0x00000000   Number         0  isspace_o.o ABSOLUTE
    ../clib/microlib/ctype/ctype.c           0x00000000   Number         0  ispunct_o.o ABSOLUTE
    ../clib/microlib/ctype/ctype.c           0x00000000   Number         0  isprint_o.o ABSOLUTE
    ../clib/microlib/ctype/ctype.c           0x00000000   Number         0  islower_o.o ABSOLUTE
    ../clib/microlib/ctype/ctype.c           0x00000000   Number         0  isdigit_o.o ABSOLUTE
    ../clib/microlib/division.c              0x00000000   Number         0  uldiv.o ABSOLUTE
    ../clib/microlib/division.c              0x00000000   Number         0  uidiv.o ABSOLUTE
    ../clib/microlib/init/entry.s            0x00000000   Number         0  entry2.o ABSOLUTE
    ../clib/microlib/init/entry.s            0x00000000   Number         0  entry7a.o ABSOLUTE
    ../clib/microlib/init/entry.s            0x00000000   Number         0  entry8a.o ABSOLUTE
    ../clib/microlib/init/entry.s            0x00000000   Number         0  entry8b.o ABSOLUTE
    ../clib/microlib/init/entry.s            0x00000000   Number         0  entry9b.o ABSOLUTE
    ../clib/microlib/init/entry.s            0x00000000   Number         0  entry5.o ABSOLUTE
    ../clib/microlib/init/entry.s            0x00000000   Number         0  entry7b.o ABSOLUTE
    ../clib/microlib/init/entry.s            0x00000000   Number         0  entry10a.o ABSOLUTE
    ../clib/microlib/init/entry.s            0x00000000   Number         0  entry10b.o ABSOLUTE
    ../clib/microlib/init/entry.s            0x00000000   Number         0  entry11a.o ABSOLUTE
    ../clib/microlib/init/entry.s            0x00000000   Number         0  entry11b.o ABSOLUTE
    ../clib/microlib/init/entry.s            0x00000000   Number         0  entry9a.o ABSOLUTE
    ../clib/microlib/init/entry.s            0x00000000   Number         0  entry.o ABSOLUTE
    ../clib/microlib/longlong.c              0x00000000   Number         0  llushr.o ABSOLUTE
    ../clib/microlib/longlong.c              0x00000000   Number         0  llsshr.o ABSOLUTE
    ../clib/microlib/longlong.c              0x00000000   Number         0  llshl.o ABSOLUTE
    ../clib/microlib/printf/printf.c         0x00000000   Number         0  printf8.o ABSOLUTE
    ../clib/microlib/printf/printf.c         0x00000000   Number         0  printf7.o ABSOLUTE
    ../clib/microlib/printf/printf.c         0x00000000   Number         0  printf6.o ABSOLUTE
    ../clib/microlib/printf/printf.c         0x00000000   Number         0  printf3.o ABSOLUTE
    ../clib/microlib/printf/printf.c         0x00000000   Number         0  printf2.o ABSOLUTE
    ../clib/microlib/printf/printf.c         0x00000000   Number         0  printf1.o ABSOLUTE
    ../clib/microlib/printf/printf.c         0x00000000   Number         0  printf0.o ABSOLUTE
    ../clib/microlib/printf/printf.c         0x00000000   Number         0  printf4.o ABSOLUTE
    ../clib/microlib/printf/printf.c         0x00000000   Number         0  printfb.o ABSOLUTE
    ../clib/microlib/printf/printf.c         0x00000000   Number         0  printf5.o ABSOLUTE
    ../clib/microlib/printf/printf.c         0x00000000   Number         0  printfa.o ABSOLUTE
    ../clib/microlib/printf/stubs.s          0x00000000   Number         0  stubs.o ABSOLUTE
    ../clib/microlib/stdio/streams.c         0x00000000   Number         0  stdout.o ABSOLUTE
    ../clib/microlib/stdlib/rand.c           0x00000000   Number         0  rand.o ABSOLUTE
    ../clib/microlib/string/memcmp.c         0x00000000   Number         0  memcmp.o ABSOLUTE
    ../clib/microlib/string/memcpy.c         0x00000000   Number         0  memmovea.o ABSOLUTE
    ../clib/microlib/string/memcpy.c         0x00000000   Number         0  memcpya.o ABSOLUTE
    ../clib/microlib/string/memcpy.c         0x00000000   Number         0  memmoveb.o ABSOLUTE
    ../clib/microlib/string/memcpy.c         0x00000000   Number         0  memcpyb.o ABSOLUTE
    ../clib/microlib/string/memset.c         0x00000000   Number         0  memseta.o ABSOLUTE
    ../clib/microlib/string/strchr.c         0x00000000   Number         0  strchr.o ABSOLUTE
    ../clib/microlib/string/strcmp.c         0x00000000   Number         0  strcmp.o ABSOLUTE
    ../clib/microlib/string/strlen.c         0x00000000   Number         0  strlen.o ABSOLUTE
    ../clib/microlib/string/strncmp.c        0x00000000   Number         0  strncmp.o ABSOLUTE
    ../clib/microlib/stubs.s                 0x00000000   Number         0  iusefp.o ABSOLUTE
    ../fplib/microlib/fpadd.c                0x00000000   Number         0  dadd.o ABSOLUTE
    ../fplib/microlib/fpdiv.c                0x00000000   Number         0  ddiv.o ABSOLUTE
    ../fplib/microlib/fpepilogue.c           0x00000000   Number         0  depilogue.o ABSOLUTE
    ../fplib/microlib/fpfix.c                0x00000000   Number         0  dfixul.o ABSOLUTE
    ../fplib/microlib/fpmul.c                0x00000000   Number         0  dmul.o ABSOLUTE
    ..\..\apps\serial-shell\serial-shell.c   0x00000000   Number         0  serial-shell.o ABSOLUTE
    ..\..\apps\shell\shell-run.c             0x00000000   Number         0  shell-run.o ABSOLUTE
    ..\..\apps\shell\shell.c                 0x00000000   Number         0  shell.o ABSOLUTE
    ..\..\core\dev\serial-line.c             0x00000000   Number         0  serial-line.o ABSOLUTE
    ..\..\core\lib\aes-128.c                 0x00000000   Number         0  aes-128.o ABSOLUTE
    ..\..\core\lib\assert.c                  0x00000000   Number         0  assert.o ABSOLUTE
    ..\..\core\lib\ccm-star.c                0x00000000   Number         0  ccm-star.o ABSOLUTE
    ..\..\core\lib\crc16.c                   0x00000000   Number         0  crc16.o ABSOLUTE
    ..\..\core\lib\gcr.c                     0x00000000   Number         0  gcr.o ABSOLUTE
    ..\..\core\lib\ifft.c                    0x00000000   Number         0  ifft.o ABSOLUTE
    ..\..\core\lib\list.c                    0x00000000   Number         0  list.o ABSOLUTE
    ..\..\core\lib\me.c                      0x00000000   Number         0  me.o ABSOLUTE
    ..\..\core\lib\me_tabs.c                 0x00000000   Number         0  me_tabs.o ABSOLUTE
    ..\..\core\lib\memb.c                    0x00000000   Number         0  memb.o ABSOLUTE
    ..\..\core\lib\mmem.c                    0x00000000   Number         0  mmem.o ABSOLUTE
    ..\..\core\lib\petsciiconv.c             0x00000000   Number         0  petsciiconv.o ABSOLUTE
    ..\..\core\lib\print-stats.c             0x00000000   Number         0  print-stats.o ABSOLUTE
    ..\..\core\lib\random.c                  0x00000000   Number         0  random.o ABSOLUTE
    ..\..\core\lib\ringbuf.c                 0x00000000   Number         0  ringbuf.o ABSOLUTE
    ..\..\core\lib\settings.c                0x00000000   Number         0  settings.o ABSOLUTE
    ..\..\core\lib\trickle-timer.c           0x00000000   Number         0  trickle-timer.o ABSOLUTE
    ..\..\core\net\ip\tcpip.c                0x00000000   Number         0  tcpip.o ABSOLUTE
    ..\..\core\net\ipv4\uip.c                0x00000000   Number         0  uip.o ABSOLUTE
    ..\..\core\net\ipv4\uip_arp.c            0x00000000   Number         0  uip_arp.o ABSOLUTE
    ..\..\core\net\linkaddr.c                0x00000000   Number         0  linkaddr.o ABSOLUTE
    ..\..\core\net\nbr-table.c               0x00000000   Number         0  nbr-table.o ABSOLUTE
    ..\..\core\net\packetbuf.c               0x00000000   Number         0  packetbuf.o ABSOLUTE
    ..\..\core\net\queuebuf.c                0x00000000   Number         0  queuebuf.o ABSOLUTE
    ..\..\core\sys\arg.c                     0x00000000   Number         0  arg.o ABSOLUTE
    ..\..\core\sys\autostart.c               0x00000000   Number         0  autostart.o ABSOLUTE
    ..\..\core\sys\compower.c                0x00000000   Number         0  compower.o ABSOLUTE
    ..\..\core\sys\ctimer.c                  0x00000000   Number         0  ctimer.o ABSOLUTE
    ..\..\core\sys\energest.c                0x00000000   Number         0  energest.o ABSOLUTE
    ..\..\core\sys\etimer.c                  0x00000000   Number         0  etimer.o ABSOLUTE
    ..\..\core\sys\mt.c                      0x00000000   Number         0  mt.o ABSOLUTE
    ..\..\core\sys\process.c                 0x00000000   Number         0  process.o ABSOLUTE
    ..\..\core\sys\rtimer.c                  0x00000000   Number         0  rtimer.o ABSOLUTE
    ..\..\core\sys\stimer.c                  0x00000000   Number         0  stimer.o ABSOLUTE
    ..\..\core\sys\timer.c                   0x00000000   Number         0  timer.o ABSOLUTE
    ..\..\cpu\arm\stm32f103\STM32F10x_StdPeriph_Driver\src\misc.c 0x00000000   Number         0  misc.o ABSOLUTE
    ..\..\cpu\arm\stm32f103\STM32F10x_StdPeriph_Driver\src\stm32f10x_adc.c 0x00000000   Number         0  stm32f10x_adc.o ABSOLUTE
    ..\..\cpu\arm\stm32f103\STM32F10x_StdPeriph_Driver\src\stm32f10x_bkp.c 0x00000000   Number         0  stm32f10x_bkp.o ABSOLUTE
    ..\..\cpu\arm\stm32f103\STM32F10x_StdPeriph_Driver\src\stm32f10x_can.c 0x00000000   Number         0  stm32f10x_can.o ABSOLUTE
    ..\..\cpu\arm\stm32f103\STM32F10x_StdPeriph_Driver\src\stm32f10x_cec.c 0x00000000   Number         0  stm32f10x_cec.o ABSOLUTE
    ..\..\cpu\arm\stm32f103\STM32F10x_StdPeriph_Driver\src\stm32f10x_crc.c 0x00000000   Number         0  stm32f10x_crc.o ABSOLUTE
    ..\..\cpu\arm\stm32f103\STM32F10x_StdPeriph_Driver\src\stm32f10x_dac.c 0x00000000   Number         0  stm32f10x_dac.o ABSOLUTE
    ..\..\cpu\arm\stm32f103\STM32F10x_StdPeriph_Driver\src\stm32f10x_dbgmcu.c 0x00000000   Number         0  stm32f10x_dbgmcu.o ABSOLUTE
    ..\..\cpu\arm\stm32f103\STM32F10x_StdPeriph_Driver\src\stm32f10x_dma.c 0x00000000   Number         0  stm32f10x_dma.o ABSOLUTE
    ..\..\cpu\arm\stm32f103\STM32F10x_StdPeriph_Driver\src\stm32f10x_exti.c 0x00000000   Number         0  stm32f10x_exti.o ABSOLUTE
    ..\..\cpu\arm\stm32f103\STM32F10x_StdPeriph_Driver\src\stm32f10x_flash.c 0x00000000   Number         0  stm32f10x_flash.o ABSOLUTE
    ..\..\cpu\arm\stm32f103\STM32F10x_StdPeriph_Driver\src\stm32f10x_fsmc.c 0x00000000   Number         0  stm32f10x_fsmc.o ABSOLUTE
    ..\..\cpu\arm\stm32f103\STM32F10x_StdPeriph_Driver\src\stm32f10x_gpio.c 0x00000000   Number         0  stm32f10x_gpio.o ABSOLUTE
    ..\..\cpu\arm\stm32f103\STM32F10x_StdPeriph_Driver\src\stm32f10x_i2c.c 0x00000000   Number         0  stm32f10x_i2c.o ABSOLUTE
    ..\..\cpu\arm\stm32f103\STM32F10x_StdPeriph_Driver\src\stm32f10x_iwdg.c 0x00000000   Number         0  stm32f10x_iwdg.o ABSOLUTE
    ..\..\cpu\arm\stm32f103\STM32F10x_StdPeriph_Driver\src\stm32f10x_pwr.c 0x00000000   Number         0  stm32f10x_pwr.o ABSOLUTE
    ..\..\cpu\arm\stm32f103\STM32F10x_StdPeriph_Driver\src\stm32f10x_rcc.c 0x00000000   Number         0  stm32f10x_rcc.o ABSOLUTE
    ..\..\cpu\arm\stm32f103\STM32F10x_StdPeriph_Driver\src\stm32f10x_rtc.c 0x00000000   Number         0  stm32f10x_rtc.o ABSOLUTE
    ..\..\cpu\arm\stm32f103\STM32F10x_StdPeriph_Driver\src\stm32f10x_sdio.c 0x00000000   Number         0  stm32f10x_sdio.o ABSOLUTE
    ..\..\cpu\arm\stm32f103\STM32F10x_StdPeriph_Driver\src\stm32f10x_spi.c 0x00000000   Number         0  stm32f10x_spi.o ABSOLUTE
    ..\..\cpu\arm\stm32f103\STM32F10x_StdPeriph_Driver\src\stm32f10x_tim.c 0x00000000   Number         0  stm32f10x_tim.o ABSOLUTE
    ..\..\cpu\arm\stm32f103\STM32F10x_StdPeriph_Driver\src\stm32f10x_usart.c 0x00000000   Number         0  stm32f10x_usart.o ABSOLUTE
    ..\..\cpu\arm\stm32f103\STM32F10x_StdPeriph_Driver\src\stm32f10x_wwdg.c 0x00000000   Number         0  stm32f10x_wwdg.o ABSOLUTE
    ..\..\cpu\arm\stm32f103\clock.c          0x00000000   Number         0  clock.o ABSOLUTE
    ..\..\cpu\arm\stm32f103\core_cm3.c       0x00000000   Number         0  core_cm3.o ABSOLUTE
    ..\..\cpu\arm\stm32f103\debug-uart.c     0x00000000   Number         0  debug-uart.o ABSOLUTE
    ..\..\cpu\arm\stm32f103\mtarch.c         0x00000000   Number         0  mtarch.o ABSOLUTE
    ..\..\cpu\arm\stm32f103\rtimer-arch.c    0x00000000   Number         0  rtimer-arch.o ABSOLUTE
    ..\..\cpu\arm\stm32f103\startup\MDK-ARM\startup_stm32f10x_hd.s 0x00000000   Number         0  startup_stm32f10x_hd.o ABSOLUTE
    ..\..\cpu\arm\stm32f103\system_stm32f10x.c 0x00000000   Number         0  system_stm32f10x.o ABSOLUTE
    ..\..\dev\enc28j60\enc28j60.c            0x00000000   Number         0  enc28j60.o ABSOLUTE
    ..\..\examples\stm32f10x\led_blink.c     0x00000000   Number         0  led_blink.o ABSOLUTE
    ..\..\examples\stm32f10x\rtimer_example.c 0x00000000   Number         0  rtimer_example.o ABSOLUTE
    ..\..\examples\stm32f10x\shell_blink.c   0x00000000   Number         0  shell_blink.o ABSOLUTE
    ..\..\examples\stm32f10x\stm32_enc_example.c 0x00000000   Number         0  stm32_enc_example.o ABSOLUTE
    ..\..\examples\stm32f10x\stm32_shell.c   0x00000000   Number         0  stm32_shell.o ABSOLUTE
    ..\\..\\cpu\\arm\\stm32f103\\core_cm3.c  0x00000000   Number         0  core_cm3.o ABSOLUTE
    cdrcmple.s                               0x00000000   Number         0  cdrcmple.o ABSOLUTE
    contiki-main.c                           0x00000000   Number         0  contiki-main.o ABSOLUTE
    dc.s                                     0x00000000   Number         0  dc.o ABSOLUTE
    dev\enc28j160_arch.c                     0x00000000   Number         0  enc28j160_arch.o ABSOLUTE
    dev\uart1.c                              0x00000000   Number         0  uart1.o ABSOLUTE
    handlers.s                               0x00000000   Number         0  handlers.o ABSOLUTE
    init.s                                   0x00000000   Number         0  init.o ABSOLUTE
    stm32f10x_it.c                           0x00000000   Number         0  stm32f10x_it.o ABSOLUTE
    RESET                                    0x08000000   Section      304  startup_stm32f10x_hd.o(RESET)
    .ARM.Collect$$$$00000000                 0x08000130   Section        0  entry.o(.ARM.Collect$$$$00000000)
    .ARM.Collect$$$$00000001                 0x08000130   Section        4  entry2.o(.ARM.Collect$$$$00000001)
    .ARM.Collect$$$$00000004                 0x08000134   Section        4  entry5.o(.ARM.Collect$$$$00000004)
    .ARM.Collect$$$$00000008                 0x08000138   Section        0  entry7b.o(.ARM.Collect$$$$00000008)
    .ARM.Collect$$$$0000000A                 0x08000138   Section        0  entry8b.o(.ARM.Collect$$$$0000000A)
    .ARM.Collect$$$$0000000B                 0x08000138   Section        8  entry9a.o(.ARM.Collect$$$$0000000B)
    .ARM.Collect$$$$0000000D                 0x08000140   Section        0  entry10a.o(.ARM.Collect$$$$0000000D)
    .ARM.Collect$$$$0000000F                 0x08000140   Section        0  entry11a.o(.ARM.Collect$$$$0000000F)
    .ARM.Collect$$$$00002712                 0x08000140   Section        4  entry2.o(.ARM.Collect$$$$00002712)
    __lit__00000000                          0x08000140   Data           4  entry2.o(.ARM.Collect$$$$00002712)
    .text                                    0x08000144   Section        0  etimer.o(.text)
    update_time                              0x08000145   Thumb Code    70  etimer.o(.text)
    process_thread_etimer_process            0x08000195   Thumb Code   224  etimer.o(.text)
    add_timer                                0x08000275   Thumb Code    64  etimer.o(.text)
    .text                                    0x080003a4   Section        0  process.o(.text)
    exit_process                             0x080003c3   Thumb Code   150  process.o(.text)
    call_process                             0x08000459   Thumb Code    74  process.o(.text)
    do_poll                                  0x08000529   Thumb Code    44  process.o(.text)
    do_event                                 0x08000555   Thumb Code   196  process.o(.text)
    .text                                    0x080006ec   Section        0  rtimer.o(.text)
    .text                                    0x08000760   Section        0  timer.o(.text)
    .text                                    0x080007b4   Section        0  list.o(.text)
    .text                                    0x080008c8   Section        0  ringbuf.o(.text)
    .text                                    0x08000940   Section        0  serial-line.o(.text)
    process_thread_serial_line_process       0x08000983   Thumb Code   192  serial-line.o(.text)
    .text                                    0x08000a78   Section        0  clock.o(.text)
    .text                                    0x08000b30   Section        0  debug-uart.o(.text)
    .text                                    0x08000c0c   Section        0  misc.o(.text)
    .text                                    0x08000ce8   Section        0  stm32f10x_gpio.o(.text)
    .text                                    0x08001040   Section        0  stm32f10x_rcc.o(.text)
    .text                                    0x080013e4   Section        0  stm32f10x_tim.o(.text)
    TI4_Config                               0x0800188b   Thumb Code   130  stm32f10x_tim.o(.text)
    TI3_Config                               0x0800191f   Thumb Code   122  stm32f10x_tim.o(.text)
    TI2_Config                               0x080019b3   Thumb Code   130  stm32f10x_tim.o(.text)
    TI1_Config                               0x08001a47   Thumb Code   108  stm32f10x_tim.o(.text)
    .text                                    0x08002200   Section        0  stm32f10x_usart.o(.text)
    .text                                    0x08002608   Section        0  rtimer-arch.o(.text)
    .text                                    0x08002730   Section        0  led_blink.o(.text)
    process_thread_blink_process             0x08002759   Thumb Code   118  led_blink.o(.text)
    .text                                    0x080027dc   Section        0  stm32_shell.o(.text)
    process_thread_stm32_shell_process       0x080027dd   Thumb Code    40  stm32_shell.o(.text)
    .text                                    0x08002804   Section        0  shell_blink.o(.text)
    led_init                                 0x08002805   Thumb Code    38  shell_blink.o(.text)
    led_on                                   0x0800282b   Thumb Code    12  shell_blink.o(.text)
    led_off                                  0x08002837   Thumb Code    12  shell_blink.o(.text)
    process_thread_shell_blink_process       0x08002843   Thumb Code    72  shell_blink.o(.text)
    .text                                    0x080028b8   Section        0  rtimer_example.o(.text)
    led_init                                 0x080028b9   Thumb Code    40  rtimer_example.o(.text)
    led_off                                  0x080028e1   Thumb Code    36  rtimer_example.o(.text)
    led_on                                   0x08002905   Thumb Code    36  rtimer_example.o(.text)
    process_thread_rtimer_ex_process         0x08002929   Thumb Code    50  rtimer_example.o(.text)
    .text                                    0x0800296c   Section        0  contiki-main.o(.text)
    .text                                    0x080029d8   Section        0  stm32f10x_it.o(.text)
    .text                                    0x080029f0   Section        0  uart1.o(.text)
    .text                                    0x08002a30   Section        0  serial-shell.o(.text)
    process_thread_serial_shell_process      0x08002a8f   Thumb Code    88  serial-shell.o(.text)
    .text                                    0x08002b18   Section        0  shell.o(.text)
    process_thread_shell_null_process        0x08002b19   Thumb Code    78  shell.o(.text)
    input_to_child_command                   0x08002b67   Thumb Code    50  shell.o(.text)
    command_kill                             0x08002be9   Thumb Code    24  shell.o(.text)
    killall                                  0x08002c01   Thumb Code    42  shell.o(.text)
    process_thread_shell_killall_process     0x08002c2b   Thumb Code    36  shell.o(.text)
    process_thread_shell_kill_process        0x08002c4f   Thumb Code   128  shell.o(.text)
    process_thread_help_command_process      0x08002ccf   Thumb Code    70  shell.o(.text)
    process_thread_shell_exit_process        0x08002d15   Thumb Code    36  shell.o(.text)
    replace_braces                           0x08002d39   Thumb Code    48  shell.o(.text)
    find_pipe                                0x08002d69   Thumb Code    52  shell.o(.text)
    start_command                            0x08002d9d   Thumb Code   226  shell.o(.text)
    process_thread_shell_process             0x0800307f   Thumb Code   232  shell.o(.text)
    process_thread_shell_server_process      0x08003185   Thumb Code   172  shell.o(.text)
    .text                                    0x08003380   Section        0  system_stm32f10x.o(.text)
    SetSysClockTo72                          0x08003381   Thumb Code   212  system_stm32f10x.o(.text)
    SetSysClock                              0x08003455   Thumb Code     8  system_stm32f10x.o(.text)
    .text                                    0x0800355c   Section       36  startup_stm32f10x_hd.o(.text)
    .text                                    0x08003580   Section        0  ctype_o.o(.text)
    .text                                    0x08003588   Section        0  strchr.o(.text)
    .text                                    0x0800359c   Section        0  strlen.o(.text)
    .text                                    0x080035aa   Section        0  strcmp.o(.text)
    .text                                    0x080035c6   Section        0  strncmp.o(.text)
    .text                                    0x080035e4   Section        0  uidiv.o(.text)
    .text                                    0x08003610   Section       36  init.o(.text)
    .text                                    0x08003634   Section        0  __dczerorl2.o(.text)
    i.__0printf$3                            0x08003690   Section        0  printf3.o(i.__0printf$3)
    i.__scatterload_copy                     0x080036b0   Section       14  handlers.o(i.__scatterload_copy)
    i.__scatterload_null                     0x080036be   Section        2  handlers.o(i.__scatterload_null)
    i.__scatterload_zeroinit                 0x080036c0   Section       14  handlers.o(i.__scatterload_zeroinit)
    i._printf_core                           0x080036d0   Section        0  printf3.o(i._printf_core)
    _printf_core                             0x080036d1   Thumb Code   436  printf3.o(i._printf_core)
    .constdata                               0x08003888   Section      129  ctype_o.o(.constdata)
    .constdata                               0x0800390c   Section        4  ctype_o.o(.constdata)
    table                                    0x0800390c   Data           4  ctype_o.o(.constdata)
    .conststring                             0x08003910   Section       12  etimer.o(.conststring)
    .conststring                             0x0800391c   Section       14  serial-line.o(.conststring)
    .conststring                             0x0800392a   Section        6  led_blink.o(.conststring)
    .conststring                             0x08003930   Section       20  stm32_shell.o(.conststring)
    .conststring                             0x08003944   Section       38  shell_blink.o(.conststring)
    .conststring                             0x0800396a   Section       15  rtimer_example.o(.conststring)
    .conststring                             0x08003979   Section       21  serial-shell.o(.conststring)
    .conststring                             0x0800398e   Section      213  shell.o(.conststring)
    .data                                    0x20000000   Section       24  etimer.o(.data)
    timerlist                                0x20000010   Data           4  etimer.o(.data)
    next_expiration                          0x20000014   Data           4  etimer.o(.data)
    .data                                    0x20000018   Section       29  process.o(.data)
    ev                                       0x20000020   Data           1  process.o(.data)
    data                                     0x20000024   Data           4  process.o(.data)
    receiver                                 0x20000028   Data           4  process.o(.data)
    p                                        0x2000002c   Data           4  process.o(.data)
    snum                                     0x20000030   Data           1  process.o(.data)
    lastevent                                0x20000031   Data           1  process.o(.data)
    nevents                                  0x20000032   Data           1  process.o(.data)
    fevent                                   0x20000033   Data           1  process.o(.data)
    poll_requested                           0x20000034   Data           1  process.o(.data)
    .data                                    0x20000038   Section        4  rtimer.o(.data)
    next_rtimer                              0x20000038   Data           4  rtimer.o(.data)
    .data                                    0x2000003c   Section        2  linkaddr.o(.data)
    .data                                    0x20000040   Section       33  serial-line.o(.data)
    overflow                                 0x20000050   Data           1  serial-line.o(.data)
    ptr                                      0x20000054   Data           4  serial-line.o(.data)
    rxbuf                                    0x20000058   Data           8  serial-line.o(.data)
    .data                                    0x20000064   Section       12  clock.o(.data)
    current_clock                            0x20000064   Data           4  clock.o(.data)
    current_seconds                          0x20000068   Data           4  clock.o(.data)
    second_countdown                         0x2000006c   Data           4  clock.o(.data)
    .data                                    0x20000070   Section       20  stm32f10x_rcc.o(.data)
    APBAHBPrescTable                         0x20000070   Data          16  stm32f10x_rcc.o(.data)
    ADCPrescTable                            0x20000080   Data           4  stm32f10x_rcc.o(.data)
    .data                                    0x20000084   Section        2  rtimer-arch.o(.data)
    CCR1_Val                                 0x20000084   Data           2  rtimer-arch.o(.data)
    .data                                    0x20000088   Section       17  led_blink.o(.data)
    led_state                                0x20000098   Data           1  led_blink.o(.data)
    .data                                    0x2000009c   Section       16  stm32_shell.o(.data)
    .data                                    0x200000ac   Section       36  shell_blink.o(.data)
    blink_command                            0x200000bc   Data          20  shell_blink.o(.data)
    .data                                    0x200000d0   Section       16  rtimer_example.o(.data)
    .data                                    0x200000e0   Section        4  contiki-main.o(.data)
    .data                                    0x200000e4   Section        4  uart1.o(.data)
    uart1_input_handler                      0x200000e4   Data           4  uart1.o(.data)
    .data                                    0x200000e8   Section       16  serial-shell.o(.data)
    .data                                    0x200000f8   Section      308  shell.o(.data)
    shell_prompt_text                        0x200000f8   Data          10  shell.o(.data)
    shell_banner_text                        0x20000102   Data          22  shell.o(.data)
    commands_list                            0x20000118   Data           4  shell.o(.data)
    commands                                 0x2000011c   Data           4  shell.o(.data)
    help_command                             0x20000150   Data          20  shell.o(.data)
    question_command                         0x20000164   Data          20  shell.o(.data)
    killall_command                          0x20000188   Data          20  shell.o(.data)
    kill_command                             0x200001ac   Data          20  shell.o(.data)
    null_command                             0x200001d0   Data          20  shell.o(.data)
    exit_command                             0x200001f4   Data          20  shell.o(.data)
    quit_command                             0x20000208   Data          20  shell.o(.data)
    started_process                          0x2000021c   Data           4  shell.o(.data)
    front_process                            0x20000224   Data           4  shell.o(.data)
    time_offset                              0x20000228   Data           4  shell.o(.data)
    .data                                    0x2000022c   Section       20  system_stm32f10x.o(.data)
    .data                                    0x20000240   Section        4  stdout.o(.data)
    .bss                                     0x20000244   Section      384  process.o(.bss)
    events                                   0x20000244   Data         384  process.o(.bss)
    .bss                                     0x200003c4   Section      256  serial-line.o(.bss)
    buf                                      0x200003c4   Data         128  serial-line.o(.bss)
    rxbuf_data                               0x20000444   Data         128  serial-line.o(.bss)
    .bss                                     0x200004c4   Section       16  led_blink.o(.bss)
    et                                       0x200004c4   Data          16  led_blink.o(.bss)
    .bss                                     0x200004d4   Section       12  rtimer_example.o(.bss)
    ex_timer                                 0x200004d4   Data          12  rtimer_example.o(.bss)
    .bss                                     0x200004e0   Section       16  shell.o(.bss)
    etimer                                   0x200004e0   Data          16  shell.o(.bss)
    STACK                                    0x200004f0   Section     1024  startup_stm32f10x_hd.o(STACK)

    Global Symbols

    Symbol Name                              Value     Ov Type        Size  Object(Section)

    BuildAttributes$$THM_ISAv4$P$D$K$B$S$PE$A:L22UL41UL21$X:L11$S22US41US21$IEEE1$IW$USESV6$~STKCKD$USESV7$~SHL$OSPACE$ROPI$EBA8$MICROLIB$REQ8$PRES8$EABIv2 0x00000000   Number         0  anon$$obj.o ABSOLUTE
    __ARM_use_no_argv                        0x00000000   Number         0  contiki-main.o ABSOLUTE
    _printf_a                                0x00000000   Number         0  stubs.o ABSOLUTE
    _printf_c                                0x00000000   Number         0  stubs.o ABSOLUTE
    _printf_charcount                        0x00000000   Number         0  stubs.o ABSOLUTE
    _printf_d                                0x00000000   Number         0  stubs.o ABSOLUTE
    _printf_e                                0x00000000   Number         0  stubs.o ABSOLUTE
    _printf_f                                0x00000000   Number         0  stubs.o ABSOLUTE
    _printf_flags                            0x00000000   Number         0  stubs.o ABSOLUTE
    _printf_fp_dec                           0x00000000   Number         0  stubs.o ABSOLUTE
    _printf_fp_hex                           0x00000000   Number         0  stubs.o ABSOLUTE
    _printf_g                                0x00000000   Number         0  stubs.o ABSOLUTE
    _printf_i                                0x00000000   Number         0  stubs.o ABSOLUTE
    _printf_int_dec                          0x00000000   Number         0  stubs.o ABSOLUTE
    _printf_l                                0x00000000   Number         0  stubs.o ABSOLUTE
    _printf_lc                               0x00000000   Number         0  stubs.o ABSOLUTE
    _printf_ll                               0x00000000   Number         0  stubs.o ABSOLUTE
    _printf_lld                              0x00000000   Number         0  stubs.o ABSOLUTE
    _printf_lli                              0x00000000   Number         0  stubs.o ABSOLUTE
    _printf_llo                              0x00000000   Number         0  stubs.o ABSOLUTE
    _printf_llu                              0x00000000   Number         0  stubs.o ABSOLUTE
    _printf_llx                              0x00000000   Number         0  stubs.o ABSOLUTE
    _printf_longlong_dec                     0x00000000   Number         0  stubs.o ABSOLUTE
    _printf_longlong_hex                     0x00000000   Number         0  stubs.o ABSOLUTE
    _printf_longlong_oct                     0x00000000   Number         0  stubs.o ABSOLUTE
    _printf_ls                               0x00000000   Number         0  stubs.o ABSOLUTE
    _printf_mbtowc                           0x00000000   Number         0  stubs.o ABSOLUTE
    _printf_n                                0x00000000   Number         0  stubs.o ABSOLUTE
    _printf_o                                0x00000000   Number         0  stubs.o ABSOLUTE
    _printf_p                                0x00000000   Number         0  stubs.o ABSOLUTE
    _printf_percent                          0x00000000   Number         0  stubs.o ABSOLUTE
    _printf_pre_padding                      0x00000000   Number         0  stubs.o ABSOLUTE
    _printf_return_value                     0x00000000   Number         0  stubs.o ABSOLUTE
    _printf_s                                0x00000000   Number         0  stubs.o ABSOLUTE
    _printf_sizespec                         0x00000000   Number         0  stubs.o ABSOLUTE
    _printf_str                              0x00000000   Number         0  stubs.o ABSOLUTE
    _printf_truncate_signed                  0x00000000   Number         0  stubs.o ABSOLUTE
    _printf_truncate_unsigned                0x00000000   Number         0  stubs.o ABSOLUTE
    _printf_u                                0x00000000   Number         0  stubs.o ABSOLUTE
    _printf_wc                               0x00000000   Number         0  stubs.o ABSOLUTE
    _printf_wctomb                           0x00000000   Number         0  stubs.o ABSOLUTE
    _printf_widthprec                        0x00000000   Number         0  stubs.o ABSOLUTE
    _printf_x                                0x00000000   Number         0  stubs.o ABSOLUTE
    __cpp_initialize__aeabi_                  - Undefined Weak Reference
    __cxa_finalize                            - Undefined Weak Reference
    _clock_init                               - Undefined Weak Reference
    _microlib_exit                            - Undefined Weak Reference
    __Vectors_Size                           0x00000130   Number         0  startup_stm32f10x_hd.o ABSOLUTE
    __Vectors                                0x08000000   Data           4  startup_stm32f10x_hd.o(RESET)
    __Vectors_End                            0x08000130   Data           0  startup_stm32f10x_hd.o(RESET)
    __main                                   0x08000131   Thumb Code     0  entry.o(.ARM.Collect$$$$00000000)
    _main_stk                                0x08000131   Thumb Code     0  entry2.o(.ARM.Collect$$$$00000001)
    _main_scatterload                        0x08000135   Thumb Code     0  entry5.o(.ARM.Collect$$$$00000004)
    __main_after_scatterload                 0x08000139   Thumb Code     0  entry5.o(.ARM.Collect$$$$00000004)
    _main_clock                              0x08000139   Thumb Code     0  entry7b.o(.ARM.Collect$$$$00000008)
    _main_cpp_init                           0x08000139   Thumb Code     0  entry8b.o(.ARM.Collect$$$$0000000A)
    _main_init                               0x08000139   Thumb Code     0  entry9a.o(.ARM.Collect$$$$0000000B)
    __rt_final_cpp                           0x08000141   Thumb Code     0  entry10a.o(.ARM.Collect$$$$0000000D)
    __rt_final_exit                          0x08000141   Thumb Code     0  entry11a.o(.ARM.Collect$$$$0000000F)
    etimer_request_poll                      0x0800018b   Thumb Code    10  etimer.o(.text)
    etimer_set                               0x080002b5   Thumb Code    22  etimer.o(.text)
    etimer_reset_with_new_interval           0x080002cb   Thumb Code    22  etimer.o(.text)
    etimer_reset                             0x080002e1   Thumb Code    18  etimer.o(.text)
    etimer_restart                           0x080002f3   Thumb Code    18  etimer.o(.text)
    etimer_adjust                            0x08000305   Thumb Code    18  etimer.o(.text)
    etimer_expired                           0x08000317   Thumb Code    14  etimer.o(.text)
    etimer_expiration_time                   0x08000325   Thumb Code    10  etimer.o(.text)
    etimer_start_time                        0x0800032f   Thumb Code     6  etimer.o(.text)
    etimer_pending                           0x08000335   Thumb Code    14  etimer.o(.text)
    etimer_next_expiration_time              0x08000343   Thumb Code    18  etimer.o(.text)
    etimer_stop                              0x08000355   Thumb Code    62  etimer.o(.text)
    process_alloc_event                      0x080003a5   Thumb Code    16  process.o(.text)
    process_is_running                       0x080003b5   Thumb Code    14  process.o(.text)
    process_post_synch                       0x080004a3   Thumb Code    32  process.o(.text)
    process_start                            0x080004c3   Thumb Code    60  process.o(.text)
    process_exit                             0x080004ff   Thumb Code    16  process.o(.text)
    process_init                             0x0800050f   Thumb Code    26  process.o(.text)
    process_run                              0x08000619   Thumb Code    28  process.o(.text)
    process_nevents                          0x08000635   Thumb Code    12  process.o(.text)
    process_post                             0x08000641   Thumb Code   100  process.o(.text)
    process_poll                             0x080006a5   Thumb Code    24  process.o(.text)
    rtimer_init                              0x080006ed   Thumb Code     8  rtimer.o(.text)
    rtimer_set                               0x080006f5   Thumb Code    56  rtimer.o(.text)
    rtimer_run_next                          0x0800072d   Thumb Code    48  rtimer.o(.text)
    timer_set                                0x08000761   Thumb Code    16  timer.o(.text)
    timer_reset                              0x08000771   Thumb Code    10  timer.o(.text)
    timer_restart                            0x0800077b   Thumb Code    12  timer.o(.text)
    timer_expired                            0x08000787   Thumb Code    28  timer.o(.text)
    timer_remaining                          0x080007a3   Thumb Code    18  timer.o(.text)
    list_init                                0x080007b5   Thumb Code     6  list.o(.text)
    list_head                                0x080007bb   Thumb Code     6  list.o(.text)
    list_copy                                0x080007c1   Thumb Code     6  list.o(.text)
    list_tail                                0x080007c7   Thumb Code    26  list.o(.text)
    list_remove                              0x080007e1   Thumb Code    52  list.o(.text)
    list_add                                 0x08000815   Thumb Code    36  list.o(.text)
    list_push                                0x08000839   Thumb Code    22  list.o(.text)
    list_chop                                0x0800084f   Thumb Code    48  list.o(.text)
    list_pop                                 0x0800087f   Thumb Code    16  list.o(.text)
    list_length                              0x0800088f   Thumb Code    18  list.o(.text)
    list_insert                              0x080008a1   Thumb Code    28  list.o(.text)
    list_item_next                           0x080008bd   Thumb Code    12  list.o(.text)
    ringbuf_init                             0x080008c9   Thumb Code    14  ringbuf.o(.text)
    ringbuf_put                              0x080008d7   Thumb Code    40  ringbuf.o(.text)
    ringbuf_get                              0x080008ff   Thumb Code    42  ringbuf.o(.text)
    ringbuf_size                             0x08000929   Thumb Code     8  ringbuf.o(.text)
    ringbuf_elements                         0x08000931   Thumb Code    14  ringbuf.o(.text)
    serial_line_input_byte                   0x08000941   Thumb Code    66  serial-line.o(.text)
    serial_line_init                         0x08000a43   Thumb Code    22  serial-line.o(.text)
    SysTick_Handler                          0x08000a79   Thumb Code    66  clock.o(.text)
    clock_init                               0x08000abb   Thumb Code    82  clock.o(.text)
    clock_time                               0x08000b0d   Thumb Code     6  clock.o(.text)
    clock_seconds                            0x08000b13   Thumb Code     6  clock.o(.text)
    uart_nvic_config                         0x08000b31   Thumb Code    36  debug-uart.o(.text)
    dbg_setup_uart                           0x08000b55   Thumb Code   142  debug-uart.o(.text)
    fputc                                    0x08000be3   Thumb Code    32  debug-uart.o(.text)
    NVIC_PriorityGroupConfig                 0x08000c0d   Thumb Code    10  misc.o(.text)
    NVIC_Init                                0x08000c17   Thumb Code   102  misc.o(.text)
    NVIC_SetVectorTable                      0x08000c7d   Thumb Code    14  misc.o(.text)
    NVIC_SystemLPConfig                      0x08000c8b   Thumb Code    34  misc.o(.text)
    SysTick_CLKSourceConfig                  0x08000cad   Thumb Code    40  misc.o(.text)
    GPIO_DeInit                              0x08000ce9   Thumb Code   172  stm32f10x_gpio.o(.text)
    GPIO_AFIODeInit                          0x08000d95   Thumb Code    20  stm32f10x_gpio.o(.text)
    GPIO_Init                                0x08000da9   Thumb Code   274  stm32f10x_gpio.o(.text)
    GPIO_StructInit                          0x08000ebb   Thumb Code    16  stm32f10x_gpio.o(.text)
    GPIO_ReadInputDataBit                    0x08000ecb   Thumb Code    18  stm32f10x_gpio.o(.text)
    GPIO_ReadInputData                       0x08000edd   Thumb Code     8  stm32f10x_gpio.o(.text)
    GPIO_ReadOutputDataBit                   0x08000ee5   Thumb Code    18  stm32f10x_gpio.o(.text)
    GPIO_ReadOutputData                      0x08000ef7   Thumb Code     8  stm32f10x_gpio.o(.text)
    GPIO_SetBits                             0x08000eff   Thumb Code     4  stm32f10x_gpio.o(.text)
    GPIO_ResetBits                           0x08000f03   Thumb Code     4  stm32f10x_gpio.o(.text)
    GPIO_WriteBit                            0x08000f07   Thumb Code    10  stm32f10x_gpio.o(.text)
    GPIO_Write                               0x08000f11   Thumb Code     4  stm32f10x_gpio.o(.text)
    GPIO_PinLockConfig                       0x08000f15   Thumb Code    18  stm32f10x_gpio.o(.text)
    GPIO_EventOutputConfig                   0x08000f27   Thumb Code    26  stm32f10x_gpio.o(.text)
    GPIO_EventOutputCmd                      0x08000f41   Thumb Code     6  stm32f10x_gpio.o(.text)
    GPIO_PinRemapConfig                      0x08000f47   Thumb Code   138  stm32f10x_gpio.o(.text)
    GPIO_EXTILineConfig                      0x08000fd1   Thumb Code    66  stm32f10x_gpio.o(.text)
    GPIO_ETH_MediaInterfaceConfig            0x08001013   Thumb Code     6  stm32f10x_gpio.o(.text)
    RCC_DeInit                               0x08001041   Thumb Code    64  stm32f10x_rcc.o(.text)
    RCC_HSEConfig                            0x08001081   Thumb Code    70  stm32f10x_rcc.o(.text)
    RCC_GetFlagStatus                        0x080010c7   Thumb Code    56  stm32f10x_rcc.o(.text)
    RCC_WaitForHSEStartUp                    0x080010ff   Thumb Code    56  stm32f10x_rcc.o(.text)
    RCC_AdjustHSICalibrationValue            0x08001137   Thumb Code    20  stm32f10x_rcc.o(.text)
    RCC_HSICmd                               0x0800114b   Thumb Code     6  stm32f10x_rcc.o(.text)
    RCC_PLLConfig                            0x08001151   Thumb Code    24  stm32f10x_rcc.o(.text)
    RCC_PLLCmd                               0x08001169   Thumb Code     6  stm32f10x_rcc.o(.text)
    RCC_SYSCLKConfig                         0x0800116f   Thumb Code    18  stm32f10x_rcc.o(.text)
    RCC_GetSYSCLKSource                      0x08001181   Thumb Code    10  stm32f10x_rcc.o(.text)
    RCC_HCLKConfig                           0x0800118b   Thumb Code    18  stm32f10x_rcc.o(.text)
    RCC_PCLK1Config                          0x0800119d   Thumb Code    18  stm32f10x_rcc.o(.text)
    RCC_PCLK2Config                          0x080011af   Thumb Code    20  stm32f10x_rcc.o(.text)
    RCC_ITConfig                             0x080011c3   Thumb Code    26  stm32f10x_rcc.o(.text)
    RCC_USBCLKConfig                         0x080011dd   Thumb Code     6  stm32f10x_rcc.o(.text)
    RCC_ADCCLKConfig                         0x080011e3   Thumb Code    18  stm32f10x_rcc.o(.text)
    RCC_LSEConfig                            0x080011f5   Thumb Code    44  stm32f10x_rcc.o(.text)
    RCC_LSICmd                               0x08001221   Thumb Code     6  stm32f10x_rcc.o(.text)
    RCC_RTCCLKConfig                         0x08001227   Thumb Code    12  stm32f10x_rcc.o(.text)
    RCC_RTCCLKCmd                            0x08001233   Thumb Code     8  stm32f10x_rcc.o(.text)
    RCC_GetClocksFreq                        0x0800123b   Thumb Code   192  stm32f10x_rcc.o(.text)
    RCC_AHBPeriphClockCmd                    0x080012fb   Thumb Code    26  stm32f10x_rcc.o(.text)
    RCC_APB2PeriphClockCmd                   0x08001315   Thumb Code    26  stm32f10x_rcc.o(.text)
    RCC_APB1PeriphClockCmd                   0x0800132f   Thumb Code    26  stm32f10x_rcc.o(.text)
    RCC_APB2PeriphResetCmd                   0x08001349   Thumb Code    26  stm32f10x_rcc.o(.text)
    RCC_APB1PeriphResetCmd                   0x08001363   Thumb Code    26  stm32f10x_rcc.o(.text)
    RCC_BackupResetCmd                       0x0800137d   Thumb Code     8  stm32f10x_rcc.o(.text)
    RCC_ClockSecuritySystemCmd               0x08001385   Thumb Code     6  stm32f10x_rcc.o(.text)
    RCC_MCOConfig                            0x0800138b   Thumb Code     6  stm32f10x_rcc.o(.text)
    RCC_ClearFlag                            0x08001391   Thumb Code    14  stm32f10x_rcc.o(.text)
    RCC_GetITStatus                          0x0800139f   Thumb Code    20  stm32f10x_rcc.o(.text)
    RCC_ClearITPendingBit                    0x080013b3   Thumb Code     6  stm32f10x_rcc.o(.text)
    TIM_DeInit                               0x080013e5   Thumb Code   424  stm32f10x_tim.o(.text)
    TIM_TimeBaseInit                         0x0800158d   Thumb Code   122  stm32f10x_tim.o(.text)
    TIM_OC1Init                              0x08001607   Thumb Code   132  stm32f10x_tim.o(.text)
    TIM_OC2Init                              0x0800168b   Thumb Code   154  stm32f10x_tim.o(.text)
    TIM_OC3Init                              0x08001725   Thumb Code   150  stm32f10x_tim.o(.text)
    TIM_OC4Init                              0x080017bb   Thumb Code   182  stm32f10x_tim.o(.text)
    TIM_SetIC4Prescaler                      0x08001871   Thumb Code    26  stm32f10x_tim.o(.text)
    TIM_SetIC3Prescaler                      0x0800190d   Thumb Code    18  stm32f10x_tim.o(.text)
    TIM_SetIC2Prescaler                      0x08001999   Thumb Code    26  stm32f10x_tim.o(.text)
    TIM_SetIC1Prescaler                      0x08001a35   Thumb Code    18  stm32f10x_tim.o(.text)
    TIM_ICInit                               0x08001ab3   Thumb Code   150  stm32f10x_tim.o(.text)
    TIM_PWMIConfig                           0x08001b49   Thumb Code   124  stm32f10x_tim.o(.text)
    TIM_BDTRConfig                           0x08001bc5   Thumb Code    32  stm32f10x_tim.o(.text)
    TIM_TimeBaseStructInit                   0x08001be5   Thumb Code    18  stm32f10x_tim.o(.text)
    TIM_OCStructInit                         0x08001bf7   Thumb Code    20  stm32f10x_tim.o(.text)
    TIM_ICStructInit                         0x08001c0b   Thumb Code    18  stm32f10x_tim.o(.text)
    TIM_BDTRStructInit                       0x08001c1d   Thumb Code    40  stm32f10x_tim.o(.text)
    TIM_Cmd                                  0x08001c45   Thumb Code    24  stm32f10x_tim.o(.text)
    TIM_CtrlPWMOutputs                       0x08001c5d   Thumb Code    30  stm32f10x_tim.o(.text)
    TIM_ITConfig                             0x08001c7b   Thumb Code    18  stm32f10x_tim.o(.text)
    TIM_GenerateEvent                        0x08001c8d   Thumb Code     4  stm32f10x_tim.o(.text)
    TIM_DMAConfig                            0x08001c91   Thumb Code    10  stm32f10x_tim.o(.text)
    TIM_DMACmd                               0x08001c9b   Thumb Code    18  stm32f10x_tim.o(.text)
    TIM_InternalClockConfig                  0x08001cad   Thumb Code    12  stm32f10x_tim.o(.text)
    TIM_SelectInputTrigger                   0x08001cb9   Thumb Code    18  stm32f10x_tim.o(.text)
    TIM_ITRxExternalClockConfig              0x08001ccb   Thumb Code    24  stm32f10x_tim.o(.text)
    TIM_TIxExternalClockConfig               0x08001ce3   Thumb Code    62  stm32f10x_tim.o(.text)
    TIM_ETRConfig                            0x08001d21   Thumb Code    28  stm32f10x_tim.o(.text)
    TIM_ETRClockMode1Config                  0x08001d3d   Thumb Code    54  stm32f10x_tim.o(.text)
    TIM_ETRClockMode2Config                  0x08001d73   Thumb Code    32  stm32f10x_tim.o(.text)
    TIM_PrescalerConfig                      0x08001d93   Thumb Code     6  stm32f10x_tim.o(.text)
    TIM_CounterModeConfig                    0x08001d99   Thumb Code    18  stm32f10x_tim.o(.text)
    TIM_EncoderInterfaceConfig               0x08001dab   Thumb Code    66  stm32f10x_tim.o(.text)
    TIM_ForcedOC1Config                      0x08001ded   Thumb Code    18  stm32f10x_tim.o(.text)
    TIM_ForcedOC2Config                      0x08001dff   Thumb Code    26  stm32f10x_tim.o(.text)
    TIM_ForcedOC3Config                      0x08001e19   Thumb Code    18  stm32f10x_tim.o(.text)
    TIM_ForcedOC4Config                      0x08001e2b   Thumb Code    26  stm32f10x_tim.o(.text)
    TIM_ARRPreloadConfig                     0x08001e45   Thumb Code    24  stm32f10x_tim.o(.text)
    TIM_SelectCOM                            0x08001e5d   Thumb Code    24  stm32f10x_tim.o(.text)
    TIM_SelectCCDMA                          0x08001e75   Thumb Code    24  stm32f10x_tim.o(.text)
    TIM_CCPreloadControl                     0x08001e8d   Thumb Code    24  stm32f10x_tim.o(.text)
    TIM_OC1PreloadConfig                     0x08001ea5   Thumb Code    18  stm32f10x_tim.o(.text)
    TIM_OC2PreloadConfig                     0x08001eb7   Thumb Code    26  stm32f10x_tim.o(.text)
    TIM_OC3PreloadConfig                     0x08001ed1   Thumb Code    18  stm32f10x_tim.o(.text)
    TIM_OC4PreloadConfig                     0x08001ee3   Thumb Code    26  stm32f10x_tim.o(.text)
    TIM_OC1FastConfig                        0x08001efd   Thumb Code    18  stm32f10x_tim.o(.text)
    TIM_OC2FastConfig                        0x08001f0f   Thumb Code    26  stm32f10x_tim.o(.text)
    TIM_OC3FastConfig                        0x08001f29   Thumb Code    18  stm32f10x_tim.o(.text)
    TIM_OC4FastConfig                        0x08001f3b   Thumb Code    26  stm32f10x_tim.o(.text)
    TIM_ClearOC1Ref                          0x08001f55   Thumb Code    18  stm32f10x_tim.o(.text)
    TIM_ClearOC2Ref                          0x08001f67   Thumb Code    24  stm32f10x_tim.o(.text)
    TIM_ClearOC3Ref                          0x08001f7f   Thumb Code    18  stm32f10x_tim.o(.text)
    TIM_ClearOC4Ref                          0x08001f91   Thumb Code    24  stm32f10x_tim.o(.text)
    TIM_OC1PolarityConfig                    0x08001fa9   Thumb Code    18  stm32f10x_tim.o(.text)
    TIM_OC1NPolarityConfig                   0x08001fbb   Thumb Code    18  stm32f10x_tim.o(.text)
    TIM_OC2PolarityConfig                    0x08001fcd   Thumb Code    26  stm32f10x_tim.o(.text)
    TIM_OC2NPolarityConfig                   0x08001fe7   Thumb Code    26  stm32f10x_tim.o(.text)
    TIM_OC3PolarityConfig                    0x08002001   Thumb Code    26  stm32f10x_tim.o(.text)
    TIM_OC3NPolarityConfig                   0x0800201b   Thumb Code    26  stm32f10x_tim.o(.text)
    TIM_OC4PolarityConfig                    0x08002035   Thumb Code    26  stm32f10x_tim.o(.text)
    TIM_CCxCmd                               0x0800204f   Thumb Code    30  stm32f10x_tim.o(.text)
    TIM_CCxNCmd                              0x0800206d   Thumb Code    30  stm32f10x_tim.o(.text)
    TIM_SelectOCxM                           0x0800208b   Thumb Code    82  stm32f10x_tim.o(.text)
    TIM_UpdateDisableConfig                  0x080020dd   Thumb Code    24  stm32f10x_tim.o(.text)
    TIM_UpdateRequestConfig                  0x080020f5   Thumb Code    24  stm32f10x_tim.o(.text)
    TIM_SelectHallSensor                     0x0800210d   Thumb Code    24  stm32f10x_tim.o(.text)
    TIM_SelectOnePulseMode                   0x08002125   Thumb Code    18  stm32f10x_tim.o(.text)
    TIM_SelectOutputTrigger                  0x08002137   Thumb Code    18  stm32f10x_tim.o(.text)
    TIM_SelectSlaveMode                      0x08002149   Thumb Code    18  stm32f10x_tim.o(.text)
    TIM_SelectMasterSlaveMode                0x0800215b   Thumb Code    18  stm32f10x_tim.o(.text)
    TIM_SetCounter                           0x0800216d   Thumb Code     4  stm32f10x_tim.o(.text)
    TIM_SetAutoreload                        0x08002171   Thumb Code     4  stm32f10x_tim.o(.text)
    TIM_SetCompare1                          0x08002175   Thumb Code     4  stm32f10x_tim.o(.text)
    TIM_SetCompare2                          0x08002179   Thumb Code     4  stm32f10x_tim.o(.text)
    TIM_SetCompare3                          0x0800217d   Thumb Code     4  stm32f10x_tim.o(.text)
    TIM_SetCompare4                          0x08002181   Thumb Code     6  stm32f10x_tim.o(.text)
    TIM_SetClockDivision                     0x08002187   Thumb Code    18  stm32f10x_tim.o(.text)
    TIM_GetCapture1                          0x08002199   Thumb Code     6  stm32f10x_tim.o(.text)
    TIM_GetCapture2                          0x0800219f   Thumb Code     6  stm32f10x_tim.o(.text)
    TIM_GetCapture3                          0x080021a5   Thumb Code     6  stm32f10x_tim.o(.text)
    TIM_GetCapture4                          0x080021ab   Thumb Code     8  stm32f10x_tim.o(.text)
    TIM_GetCounter                           0x080021b3   Thumb Code     6  stm32f10x_tim.o(.text)
    TIM_GetPrescaler                         0x080021b9   Thumb Code     6  stm32f10x_tim.o(.text)
    TIM_GetFlagStatus                        0x080021bf   Thumb Code    18  stm32f10x_tim.o(.text)
    TIM_ClearFlag                            0x080021d1   Thumb Code     6  stm32f10x_tim.o(.text)
    TIM_GetITStatus                          0x080021d7   Thumb Code    34  stm32f10x_tim.o(.text)
    TIM_ClearITPendingBit                    0x080021f9   Thumb Code     6  stm32f10x_tim.o(.text)
    USART_DeInit                             0x08002201   Thumb Code   134  stm32f10x_usart.o(.text)
    USART_Init                               0x08002287   Thumb Code   210  stm32f10x_usart.o(.text)
    USART_StructInit                         0x08002359   Thumb Code    24  stm32f10x_usart.o(.text)
    USART_ClockInit                          0x08002371   Thumb Code    34  stm32f10x_usart.o(.text)
    USART_ClockStructInit                    0x08002393   Thumb Code    12  stm32f10x_usart.o(.text)
    USART_Cmd                                0x0800239f   Thumb Code    24  stm32f10x_usart.o(.text)
    USART_ITConfig                           0x080023b7   Thumb Code    74  stm32f10x_usart.o(.text)
    USART_DMACmd                             0x08002401   Thumb Code    18  stm32f10x_usart.o(.text)
    USART_SetAddress                         0x08002413   Thumb Code    18  stm32f10x_usart.o(.text)
    USART_WakeUpConfig                       0x08002425   Thumb Code    18  stm32f10x_usart.o(.text)
    USART_ReceiverWakeUpCmd                  0x08002437   Thumb Code    24  stm32f10x_usart.o(.text)
    USART_LINBreakDetectLengthConfig         0x0800244f   Thumb Code    18  stm32f10x_usart.o(.text)
    USART_LINCmd                             0x08002461   Thumb Code    24  stm32f10x_usart.o(.text)
    USART_SendData                           0x08002479   Thumb Code     8  stm32f10x_usart.o(.text)
    USART_ReceiveData                        0x08002481   Thumb Code    10  stm32f10x_usart.o(.text)
    USART_SendBreak                          0x0800248b   Thumb Code    10  stm32f10x_usart.o(.text)
    USART_SetGuardTime                       0x08002495   Thumb Code    16  stm32f10x_usart.o(.text)
    USART_SetPrescaler                       0x080024a5   Thumb Code    16  stm32f10x_usart.o(.text)
    USART_SmartCardCmd                       0x080024b5   Thumb Code    24  stm32f10x_usart.o(.text)
    USART_SmartCardNACKCmd                   0x080024cd   Thumb Code    24  stm32f10x_usart.o(.text)
    USART_HalfDuplexCmd                      0x080024e5   Thumb Code    24  stm32f10x_usart.o(.text)
    USART_OverSampling8Cmd                   0x080024fd   Thumb Code    22  stm32f10x_usart.o(.text)
    USART_OneBitMethodCmd                    0x08002513   Thumb Code    24  stm32f10x_usart.o(.text)
    USART_IrDAConfig                         0x0800252b   Thumb Code    18  stm32f10x_usart.o(.text)
    USART_IrDACmd                            0x0800253d   Thumb Code    24  stm32f10x_usart.o(.text)
    USART_GetFlagStatus                      0x08002555   Thumb Code    26  stm32f10x_usart.o(.text)
    USART_ClearFlag                          0x0800256f   Thumb Code    18  stm32f10x_usart.o(.text)
    USART_GetITStatus                        0x08002581   Thumb Code    84  stm32f10x_usart.o(.text)
    USART_ClearITPendingBit                  0x080025d5   Thumb Code    52  stm32f10x_usart.o(.text)
    rtimer_nvic_config                       0x08002609   Thumb Code    32  rtimer-arch.o(.text)
    rtimer_arch_enable_irq                   0x08002629   Thumb Code    14  rtimer-arch.o(.text)
    rtimer_arch_disable_irq                  0x08002637   Thumb Code    14  rtimer-arch.o(.text)
    rtimer_arch_init                         0x08002645   Thumb Code   132  rtimer-arch.o(.text)
    rtimer_arch_now                          0x080026c9   Thumb Code    12  rtimer-arch.o(.text)
    rtimer_arch_schedule                     0x080026d5   Thumb Code    46  rtimer-arch.o(.text)
    TIM2_IRQHandler                          0x08002703   Thumb Code    38  rtimer-arch.o(.text)
    blink_led_init                           0x08002731   Thumb Code    40  led_blink.o(.text)
    shell_blink_init                         0x0800288b   Thumb Code    14  shell_blink.o(.text)
    main                                     0x0800296d   Thumb Code    82  contiki-main.o(.text)
    NMI_Handler                              0x080029d9   Thumb Code     2  stm32f10x_it.o(.text)
    HardFault_Handler                        0x080029db   Thumb Code     4  stm32f10x_it.o(.text)
    MemManage_Handler                        0x080029df   Thumb Code     4  stm32f10x_it.o(.text)
    BusFault_Handler                         0x080029e3   Thumb Code     4  stm32f10x_it.o(.text)
    UsageFault_Handler                       0x080029e7   Thumb Code     4  stm32f10x_it.o(.text)
    SVC_Handler                              0x080029eb   Thumb Code     2  stm32f10x_it.o(.text)
    DebugMon_Handler                         0x080029ed   Thumb Code     2  stm32f10x_it.o(.text)
    PendSV_Handler                           0x080029ef   Thumb Code     2  stm32f10x_it.o(.text)
    uart1_set_input                          0x080029f1   Thumb Code     6  uart1.o(.text)
    USART1_IRQHandler                        0x080029f7   Thumb Code    48  uart1.o(.text)
    shell_default_output                     0x08002a31   Thumb Code    72  serial-shell.o(.text)
    shell_prompt                             0x08002a79   Thumb Code    20  serial-shell.o(.text)
    shell_exit                               0x08002a8d   Thumb Code     2  serial-shell.o(.text)
    serial_shell_init                        0x08002ae7   Thumb Code    12  serial-shell.o(.text)
    shell_output_str                         0x08002b99   Thumb Code    80  shell.o(.text)
    shell_start_command                      0x08002e7f   Thumb Code    86  shell.o(.text)
    shell_input                              0x08002ed5   Thumb Code   276  shell.o(.text)
    shell_output                             0x08002fe9   Thumb Code    56  shell.o(.text)
    shell_unregister_command                 0x08003021   Thumb Code    16  shell.o(.text)
    shell_register_command                   0x08003031   Thumb Code    78  shell.o(.text)
    shell_time                               0x08003167   Thumb Code    14  shell.o(.text)
    shell_set_time                           0x08003175   Thumb Code    16  shell.o(.text)
    shell_init                               0x08003231   Thumb Code    84  shell.o(.text)
    shell_strtolong                          0x08003285   Thumb Code    86  shell.o(.text)
    shell_start                              0x080032db   Thumb Code    34  shell.o(.text)
    shell_stop                               0x080032fd   Thumb Code     8  shell.o(.text)
    shell_quit                               0x08003305   Thumb Code    20  shell.o(.text)
    SystemInit                               0x0800345d   Thumb Code    78  system_stm32f10x.o(.text)
    SystemCoreClockUpdate                    0x080034ab   Thumb Code   142  system_stm32f10x.o(.text)
    Reset_Handler                            0x0800355d   Thumb Code     8  startup_stm32f10x_hd.o(.text)
    ADC1_2_IRQHandler                        0x08003577   Thumb Code     0  startup_stm32f10x_hd.o(.text)
    ADC3_IRQHandler                          0x08003577   Thumb Code     0  startup_stm32f10x_hd.o(.text)
    CAN1_RX1_IRQHandler                      0x08003577   Thumb Code     0  startup_stm32f10x_hd.o(.text)
    CAN1_SCE_IRQHandler                      0x08003577   Thumb Code     0  startup_stm32f10x_hd.o(.text)
    DMA1_Channel1_IRQHandler                 0x08003577   Thumb Code     0  startup_stm32f10x_hd.o(.text)
    DMA1_Channel2_IRQHandler                 0x08003577   Thumb Code     0  startup_stm32f10x_hd.o(.text)
    DMA1_Channel3_IRQHandler                 0x08003577   Thumb Code     0  startup_stm32f10x_hd.o(.text)
    DMA1_Channel4_IRQHandler                 0x08003577   Thumb Code     0  startup_stm32f10x_hd.o(.text)
    DMA1_Channel5_IRQHandler                 0x08003577   Thumb Code     0  startup_stm32f10x_hd.o(.text)
    DMA1_Channel6_IRQHandler                 0x08003577   Thumb Code     0  startup_stm32f10x_hd.o(.text)
    DMA1_Channel7_IRQHandler                 0x08003577   Thumb Code     0  startup_stm32f10x_hd.o(.text)
    DMA2_Channel1_IRQHandler                 0x08003577   Thumb Code     0  startup_stm32f10x_hd.o(.text)
    DMA2_Channel2_IRQHandler                 0x08003577   Thumb Code     0  startup_stm32f10x_hd.o(.text)
    DMA2_Channel3_IRQHandler                 0x08003577   Thumb Code     0  startup_stm32f10x_hd.o(.text)
    DMA2_Channel4_5_IRQHandler               0x08003577   Thumb Code     0  startup_stm32f10x_hd.o(.text)
    EXTI0_IRQHandler                         0x08003577   Thumb Code     0  startup_stm32f10x_hd.o(.text)
    EXTI15_10_IRQHandler                     0x08003577   Thumb Code     0  startup_stm32f10x_hd.o(.text)
    EXTI1_IRQHandler                         0x08003577   Thumb Code     0  startup_stm32f10x_hd.o(.text)
    EXTI2_IRQHandler                         0x08003577   Thumb Code     0  startup_stm32f10x_hd.o(.text)
    EXTI3_IRQHandler                         0x08003577   Thumb Code     0  startup_stm32f10x_hd.o(.text)
    EXTI4_IRQHandler                         0x08003577   Thumb Code     0  startup_stm32f10x_hd.o(.text)
    EXTI9_5_IRQHandler                       0x08003577   Thumb Code     0  startup_stm32f10x_hd.o(.text)
    FLASH_IRQHandler                         0x08003577   Thumb Code     0  startup_stm32f10x_hd.o(.text)
    FSMC_IRQHandler                          0x08003577   Thumb Code     0  startup_stm32f10x_hd.o(.text)
    I2C1_ER_IRQHandler                       0x08003577   Thumb Code     0  startup_stm32f10x_hd.o(.text)
    I2C1_EV_IRQHandler                       0x08003577   Thumb Code     0  startup_stm32f10x_hd.o(.text)
    I2C2_ER_IRQHandler                       0x08003577   Thumb Code     0  startup_stm32f10x_hd.o(.text)
    I2C2_EV_IRQHandler                       0x08003577   Thumb Code     0  startup_stm32f10x_hd.o(.text)
    PVD_IRQHandler                           0x08003577   Thumb Code     0  startup_stm32f10x_hd.o(.text)
    RCC_IRQHandler                           0x08003577   Thumb Code     0  startup_stm32f10x_hd.o(.text)
    RTCAlarm_IRQHandler                      0x08003577   Thumb Code     0  startup_stm32f10x_hd.o(.text)
    RTC_IRQHandler                           0x08003577   Thumb Code     0  startup_stm32f10x_hd.o(.text)
    SDIO_IRQHandler                          0x08003577   Thumb Code     0  startup_stm32f10x_hd.o(.text)
    SPI1_IRQHandler                          0x08003577   Thumb Code     0  startup_stm32f10x_hd.o(.text)
    SPI2_IRQHandler                          0x08003577   Thumb Code     0  startup_stm32f10x_hd.o(.text)
    SPI3_IRQHandler                          0x08003577   Thumb Code     0  startup_stm32f10x_hd.o(.text)
    TAMPER_IRQHandler                        0x08003577   Thumb Code     0  startup_stm32f10x_hd.o(.text)
    TIM1_BRK_IRQHandler                      0x08003577   Thumb Code     0  startup_stm32f10x_hd.o(.text)
    TIM1_CC_IRQHandler                       0x08003577   Thumb Code     0  startup_stm32f10x_hd.o(.text)
    TIM1_TRG_COM_IRQHandler                  0x08003577   Thumb Code     0  startup_stm32f10x_hd.o(.text)
    TIM1_UP_IRQHandler                       0x08003577   Thumb Code     0  startup_stm32f10x_hd.o(.text)
    TIM3_IRQHandler                          0x08003577   Thumb Code     0  startup_stm32f10x_hd.o(.text)
    TIM4_IRQHandler                          0x08003577   Thumb Code     0  startup_stm32f10x_hd.o(.text)
    TIM5_IRQHandler                          0x08003577   Thumb Code     0  startup_stm32f10x_hd.o(.text)
    TIM6_IRQHandler                          0x08003577   Thumb Code     0  startup_stm32f10x_hd.o(.text)
    TIM7_IRQHandler                          0x08003577   Thumb Code     0  startup_stm32f10x_hd.o(.text)
    TIM8_BRK_IRQHandler                      0x08003577   Thumb Code     0  startup_stm32f10x_hd.o(.text)
    TIM8_CC_IRQHandler                       0x08003577   Thumb Code     0  startup_stm32f10x_hd.o(.text)
    TIM8_TRG_COM_IRQHandler                  0x08003577   Thumb Code     0  startup_stm32f10x_hd.o(.text)
    TIM8_UP_IRQHandler                       0x08003577   Thumb Code     0  startup_stm32f10x_hd.o(.text)
    UART4_IRQHandler                         0x08003577   Thumb Code     0  startup_stm32f10x_hd.o(.text)
    UART5_IRQHandler                         0x08003577   Thumb Code     0  startup_stm32f10x_hd.o(.text)
    USART2_IRQHandler                        0x08003577   Thumb Code     0  startup_stm32f10x_hd.o(.text)
    USART3_IRQHandler                        0x08003577   Thumb Code     0  startup_stm32f10x_hd.o(.text)
    USBWakeUp_IRQHandler                     0x08003577   Thumb Code     0  startup_stm32f10x_hd.o(.text)
    USB_HP_CAN1_TX_IRQHandler                0x08003577   Thumb Code     0  startup_stm32f10x_hd.o(.text)
    USB_LP_CAN1_RX0_IRQHandler               0x08003577   Thumb Code     0  startup_stm32f10x_hd.o(.text)
    WWDG_IRQHandler                          0x08003577   Thumb Code     0  startup_stm32f10x_hd.o(.text)
    __rt_ctype_table                         0x08003581   Thumb Code     4  ctype_o.o(.text)
    strchr                                   0x08003589   Thumb Code    20  strchr.o(.text)
    strlen                                   0x0800359d   Thumb Code    14  strlen.o(.text)
    strcmp                                   0x080035ab   Thumb Code    28  strcmp.o(.text)
    strncmp                                  0x080035c7   Thumb Code    30  strncmp.o(.text)
    __aeabi_uidiv                            0x080035e5   Thumb Code     0  uidiv.o(.text)
    __aeabi_uidivmod                         0x080035e5   Thumb Code    44  uidiv.o(.text)
    __scatterload                            0x08003611   Thumb Code    28  init.o(.text)
    __scatterload_rt2                        0x08003611   Thumb Code     0  init.o(.text)
    __decompress                             0x08003635   Thumb Code     0  __dczerorl2.o(.text)
    __decompress1                            0x08003635   Thumb Code    92  __dczerorl2.o(.text)
    __0printf$3                              0x08003691   Thumb Code    22  printf3.o(i.__0printf$3)
    __1printf$3                              0x08003691   Thumb Code     0  printf3.o(i.__0printf$3)
    __2printf                                0x08003691   Thumb Code     0  printf3.o(i.__0printf$3)
    __scatterload_copy                       0x080036b1   Thumb Code    14  handlers.o(i.__scatterload_copy)
    __scatterload_null                       0x080036bf   Thumb Code     2  handlers.o(i.__scatterload_null)
    __scatterload_zeroinit                   0x080036c1   Thumb Code    14  handlers.o(i.__scatterload_zeroinit)
    __ctype_table                            0x08003888   Data         129  ctype_o.o(.constdata)
    Region$$Table$$Base                      0x08003a64   Number         0  anon$$obj.o(Region$$Table)
    Region$$Table$$Limit                     0x08003a84   Number         0  anon$$obj.o(Region$$Table)
    etimer_process                           0x20000000   Data          16  etimer.o(.data)
    process_list                             0x20000018   Data           4  process.o(.data)
    process_current                          0x2000001c   Data           4  process.o(.data)
    linkaddr_node_addr                       0x2000003c   Data           2  linkaddr.o(.data)
    serial_line_process                      0x20000040   Data          16  serial-line.o(.data)
    serial_line_event_message                0x20000060   Data           1  serial-line.o(.data)
    blink_process                            0x20000088   Data          16  led_blink.o(.data)
    stm32_shell_process                      0x2000009c   Data          16  stm32_shell.o(.data)
    shell_blink_process                      0x200000ac   Data          16  shell_blink.o(.data)
    rtimer_ex_process                        0x200000d0   Data          16  rtimer_example.o(.data)
    idle_count                               0x200000e0   Data           4  contiki-main.o(.data)
    serial_shell_process                     0x200000e8   Data          16  serial-shell.o(.data)
    shell_process                            0x20000120   Data          16  shell.o(.data)
    shell_server_process                     0x20000130   Data          16  shell.o(.data)
    help_command_process                     0x20000140   Data          16  shell.o(.data)
    shell_killall_process                    0x20000178   Data          16  shell.o(.data)
    shell_kill_process                       0x2000019c   Data          16  shell.o(.data)
    shell_null_process                       0x200001c0   Data          16  shell.o(.data)
    shell_exit_process                       0x200001e4   Data          16  shell.o(.data)
    shell_event_input                        0x20000220   Data           4  shell.o(.data)
    SystemCoreClock                          0x2000022c   Data           4  system_stm32f10x.o(.data)
    AHBPrescTable                            0x20000230   Data          16  system_stm32f10x.o(.data)
    __stdout                                 0x20000240   Data           4  stdout.o(.data)
    __initial_sp                             0x200008f0   Data           0  startup_stm32f10x_hd.o(STACK)



==============================================================================

Memory Map of the image

  Image Entry point : 0x08000131

  Load Region LR_IROM1 (Base: 0x08000000, Size: 0x00003cc8, Max: 0x00020000, ABSOLUTE, COMPRESSED[0x00003b6c])

    Execution Region ER_IROM1 (Base: 0x08000000, Size: 0x00003a84, Max: 0x00020000, ABSOLUTE)

    Base Addr    Size         Type   Attr      Idx    E Section Name        Object

    0x08000000   0x00000130   Data   RO         1912    RESET               startup_stm32f10x_hd.o
    0x08000130   0x00000000   Code   RO         1917  * .ARM.Collect$$$$00000000  mc_w.l(entry.o)
    0x08000130   0x00000004   Code   RO         2232    .ARM.Collect$$$$00000001  mc_w.l(entry2.o)
    0x08000134   0x00000004   Code   RO         2235    .ARM.Collect$$$$00000004  mc_w.l(entry5.o)
    0x08000138   0x00000000   Code   RO         2237    .ARM.Collect$$$$00000008  mc_w.l(entry7b.o)
    0x08000138   0x00000000   Code   RO         2239    .ARM.Collect$$$$0000000A  mc_w.l(entry8b.o)
    0x08000138   0x00000008   Code   RO         2240    .ARM.Collect$$$$0000000B  mc_w.l(entry9a.o)
    0x08000140   0x00000000   Code   RO         2242    .ARM.Collect$$$$0000000D  mc_w.l(entry10a.o)
    0x08000140   0x00000000   Code   RO         2244    .ARM.Collect$$$$0000000F  mc_w.l(entry11a.o)
    0x08000140   0x00000004   Code   RO         2233    .ARM.Collect$$$$00002712  mc_w.l(entry2.o)
    0x08000144   0x00000260   Code   RO          177    .text               etimer.o
    0x080003a4   0x00000348   Code   RO          216    .text               process.o
    0x080006ec   0x00000074   Code   RO          239    .text               rtimer.o
    0x08000760   0x00000054   Code   RO          268    .text               timer.o
    0x080007b4   0x00000114   Code   RO          674    .text               list.o
    0x080008c8   0x00000076   Code   RO          793    .text               ringbuf.o
    0x0800093e   0x00000002   PAD
    0x08000940   0x00000138   Code   RO          837    .text               serial-line.o
    0x08000a78   0x000000b8   Code   RO          976    .text               clock.o
    0x08000b30   0x000000dc   Code   RO         1079    .text               debug-uart.o
    0x08000c0c   0x000000dc   Code   RO         1095    .text               misc.o
    0x08000ce8   0x00000358   Code   RO         1335    .text               stm32f10x_gpio.o
    0x08001040   0x000003a4   Code   RO         1389    .text               stm32f10x_rcc.o
    0x080013e4   0x00000e1a   Code   RO         1448    .text               stm32f10x_tim.o
    0x080021fe   0x00000002   PAD
    0x08002200   0x00000408   Code   RO         1463    .text               stm32f10x_usart.o
    0x08002608   0x00000128   Code   RO         1502    .text               rtimer-arch.o
    0x08002730   0x000000ac   Code   RO         1539    .text               led_blink.o
    0x080027dc   0x00000028   Code   RO         1563    .text               stm32_shell.o
    0x08002804   0x000000b4   Code   RO         1694    .text               shell_blink.o
    0x080028b8   0x000000b4   Code   RO         1710    .text               rtimer_example.o
    0x0800296c   0x0000006c   Code   RO         1747    .text               contiki-main.o
    0x080029d8   0x00000018   Code   RO         1773    .text               stm32f10x_it.o
    0x080029f0   0x00000040   Code   RO         1788    .text               uart1.o
    0x08002a30   0x000000e8   Code   RO         1817    .text               serial-shell.o
    0x08002b18   0x00000868   Code   RO         1841    .text               shell.o
    0x08003380   0x000001dc   Code   RO         1892    .text               system_stm32f10x.o
    0x0800355c   0x00000024   Code   RO         1913    .text               startup_stm32f10x_hd.o
    0x08003580   0x00000008   Code   RO         1920    .text               mc_w.l(ctype_o.o)
    0x08003588   0x00000014   Code   RO         1957    .text               mc_w.l(strchr.o)
    0x0800359c   0x0000000e   Code   RO         1959    .text               mc_w.l(strlen.o)
    0x080035aa   0x0000001c   Code   RO         1961    .text               mc_w.l(strcmp.o)
    0x080035c6   0x0000001e   Code   RO         1965    .text               mc_w.l(strncmp.o)
    0x080035e4   0x0000002c   Code   RO         2247    .text               mc_w.l(uidiv.o)
    0x08003610   0x00000024   Code   RO         2262    .text               mc_w.l(init.o)
    0x08003634   0x0000005c   Code   RO         2280    .text               mc_w.l(__dczerorl2.o)
    0x08003690   0x00000020   Code   RO         2060    i.__0printf$3       mc_w.l(printf3.o)
    0x080036b0   0x0000000e   Code   RO         2274    i.__scatterload_copy  mc_w.l(handlers.o)
    0x080036be   0x00000002   Code   RO         2275    i.__scatterload_null  mc_w.l(handlers.o)
    0x080036c0   0x0000000e   Code   RO         2276    i.__scatterload_zeroinit  mc_w.l(handlers.o)
    0x080036ce   0x00000002   PAD
    0x080036d0   0x000001b8   Code   RO         2067    i._printf_core      mc_w.l(printf3.o)
    0x08003888   0x00000081   Data   RO         1921    .constdata          mc_w.l(ctype_o.o)
    0x08003909   0x00000003   PAD
    0x0800390c   0x00000004   Data   RO         1922    .constdata          mc_w.l(ctype_o.o)
    0x08003910   0x0000000c   Data   RO          178    .conststring        etimer.o
    0x0800391c   0x0000000e   Data   RO          839    .conststring        serial-line.o
    0x0800392a   0x00000006   Data   RO         1541    .conststring        led_blink.o
    0x08003930   0x00000014   Data   RO         1564    .conststring        stm32_shell.o
    0x08003944   0x00000026   Data   RO         1695    .conststring        shell_blink.o
    0x0800396a   0x0000000f   Data   RO         1712    .conststring        rtimer_example.o
    0x08003979   0x00000015   Data   RO         1818    .conststring        serial-shell.o
    0x0800398e   0x000000d5   Data   RO         1843    .conststring        shell.o
    0x08003a63   0x00000001   PAD
    0x08003a64   0x00000020   Data   RO         2272    Region$$Table       anon$$obj.o


    Execution Region RW_IRAM1 (Base: 0x20000000, Size: 0x000008f0, Max: 0x00005000, ABSOLUTE, COMPRESSED[0x000000e8])

    Base Addr    Size         Type   Attr      Idx    E Section Name        Object

    0x20000000   0x00000018   Data   RW          179    .data               etimer.o
    0x20000018   0x0000001d   Data   RW          218    .data               process.o
    0x20000035   0x00000003   PAD
    0x20000038   0x00000004   Data   RW          240    .data               rtimer.o
    0x2000003c   0x00000002   Data   RW          282    .data               linkaddr.o
    0x2000003e   0x00000002   PAD
    0x20000040   0x00000021   Data   RW          840    .data               serial-line.o
    0x20000061   0x00000003   PAD
    0x20000064   0x0000000c   Data   RW          977    .data               clock.o
    0x20000070   0x00000014   Data   RW         1390    .data               stm32f10x_rcc.o
    0x20000084   0x00000002   Data   RW         1503    .data               rtimer-arch.o
    0x20000086   0x00000002   PAD
    0x20000088   0x00000011   Data   RW         1542    .data               led_blink.o
    0x20000099   0x00000003   PAD
    0x2000009c   0x00000010   Data   RW         1565    .data               stm32_shell.o
    0x200000ac   0x00000024   Data   RW         1696    .data               shell_blink.o
    0x200000d0   0x00000010   Data   RW         1713    .data               rtimer_example.o
    0x200000e0   0x00000004   Data   RW         1748    .data               contiki-main.o
    0x200000e4   0x00000004   Data   RW         1789    .data               uart1.o
    0x200000e8   0x00000010   Data   RW         1819    .data               serial-shell.o
    0x200000f8   0x00000134   Data   RW         1844    .data               shell.o
    0x2000022c   0x00000014   Data   RW         1893    .data               system_stm32f10x.o
    0x20000240   0x00000004   Data   RW         2246    .data               mc_w.l(stdout.o)
    0x20000244   0x00000180   Zero   RW          217    .bss                process.o
    0x200003c4   0x00000100   Zero   RW          838    .bss                serial-line.o
    0x200004c4   0x00000010   Zero   RW         1540    .bss                led_blink.o
    0x200004d4   0x0000000c   Zero   RW         1711    .bss                rtimer_example.o
    0x200004e0   0x00000010   Zero   RW         1842    .bss                shell.o
    0x200004f0   0x00000400   Zero   RW         1910    STACK               startup_stm32f10x_hd.o


==============================================================================

Image component sizes


      Code (inc. data)   RO Data    RW Data    ZI Data      Debug   Object Name

         0          0          0          0          0       9964   arg.o
       184         24          0         12          0     255005   clock.o
       108         26          0          4          0        596   contiki-main.o
         0          0          0          0          0         32   core_cm3.o
         0          0          0          0          0        672   ctimer.o
       220         10          0          0          0        980   debug-uart.o
       608         18         12         24          0       4582   etimer.o
       172         14          6         17         16       2086   led_blink.o
         0          0          0          2          0        947   linkaddr.o
       276          0          0          0          0       3099   list.o
       220         20          0          0          0      12353   misc.o
         0          0          0          0          0       1200   print-stats.o
       840         48          0         29        384       6513   process.o
       118          0          0          0          0       1921   ringbuf.o
       296          8          0          2          0       2210   rtimer-arch.o
       116          4          0          4          0       1413   rtimer.o
       180         18         15         16         12       2612   rtimer_example.o
       312         32         14         33        256       1966   serial-line.o
       232         38         21         16          0       2100   serial-shell.o
      2152        304        213        308         16      10794   shell.o
       180         32         38         36          0       1777   shell_blink.o
        36          8        304          0       1024        800   startup_stm32f10x_hd.o
        40          0         20         16          0       2750   stm32_shell.o
       856         40          0          0          0      14141   stm32f10x_gpio.o
        24          0          0          0          0       1038   stm32f10x_it.o
       932         44          0         20          0      17676   stm32f10x_rcc.o
      3610         88          0          0          0      42616   stm32f10x_tim.o
      1032         22          0          0          0      14552   stm32f10x_usart.o
       476         36          0         20          0       1719   system_stm32f10x.o
        84          0          0          0          0       1516   timer.o
        64         10          0          4          0       1144   uart1.o

    ----------------------------------------------------------------------
     13372        844        676        576       1708     420774   Object Totals
         0          0         32          0          0          0   (incl. Generated)
         4          0          1         13          0          0   (incl. Padding)

    ----------------------------------------------------------------------

      Code (inc. data)   RO Data    RW Data    ZI Data      Debug   Library Member Name

        92          0          0          0          0          0   __dczerorl2.o
         8          4        133          0          0         68   ctype_o.o
         0          0          0          0          0          0   entry.o
         0          0          0          0          0          0   entry10a.o
         0          0          0          0          0          0   entry11a.o
         8          4          0          0          0          0   entry2.o
         4          0          0          0          0          0   entry5.o
         0          0          0          0          0          0   entry7b.o
         0          0          0          0          0          0   entry8b.o
         8          4          0          0          0          0   entry9a.o
        30          0          0          0          0          0   handlers.o
        36          8          0          0          0         68   init.o
       472         14          0          0          0        180   printf3.o
         0          0          0          4          0          0   stdout.o
        20          0          0          0          0         68   strchr.o
        28          0          0          0          0         76   strcmp.o
        14          0          0          0          0         68   strlen.o
        30          0          0          0          0         80   strncmp.o
        44          0          0          0          0         80   uidiv.o

    ----------------------------------------------------------------------
       796         34        136          4          0        688   Library Totals
         2          0          3          0          0          0   (incl. Padding)

    ----------------------------------------------------------------------

      Code (inc. data)   RO Data    RW Data    ZI Data      Debug   Library Name

       794         34        133          4          0        688   mc_w.l

    ----------------------------------------------------------------------
       796         34        136          4          0        688   Library Totals

    ----------------------------------------------------------------------

==============================================================================


      Code (inc. data)   RO Data    RW Data    ZI Data      Debug   

     14168        878        812        580       1708     418914   Grand Totals
     14168        878        812        232       1708     418914   ELF Image Totals (compressed)
     14168        878        812        232          0          0   ROM Totals

==============================================================================

    Total RO  Size (Code + RO Data)                14980 (  14.63kB)
    Total RW  Size (RW Data + ZI Data)              2288 (   2.23kB)
    Total ROM Size (Code + RO Data + RW Data)      15212 (  14.86kB)

==============================================================================

