ARM Linker, 5.03 [Build 76] [MDK-ARM Standard]

==============================================================================

Section Cross References

    arg.o(.text) refers to arg.o(.bss) for bufs
    autostart.o(.text) refers to process.o(.text) for process_start
    compower.o(.text) refers to energest.o(.text) for energest_flush
    compower.o(.text) refers to packetbuf.o(.text) for packetbuf_attr
    compower.o(.text) refers to compower.o(.data) for compower_idle_activity
    ctimer.o(.text) refers to list.o(.text) for list_head
    ctimer.o(.text) refers to etimer.o(.text) for etimer_set
    ctimer.o(.text) refers to process.o(.text) for process_start
    ctimer.o(.text) refers to ctimer.o(.data) for ctimer_list
    ctimer.o(.text) refers to process.o(.data) for process_current
    ctimer.o(.data) refers to ctimer.o(.conststring) for .conststring
    ctimer.o(.data) refers to ctimer.o(.text) for process_thread_ctimer_process
    etimer.o(.text) refers to clock.o(.text) for clock_time
    etimer.o(.text) refers to process.o(.text) for process_poll
    etimer.o(.text) refers to timer.o(.text) for timer_expired
    etimer.o(.text) refers to etimer.o(.data) for timerlist
    etimer.o(.text) refers to process.o(.data) for process_current
    etimer.o(.data) refers to etimer.o(.conststring) for .conststring
    etimer.o(.data) refers to etimer.o(.text) for process_thread_etimer_process
    mt.o(.text) refers to mtarch.o(.text) for mtarch_init
    mt.o(.text) refers to mt.o(.data) for current
    process.o(.text) refers to process.o(.data) for lastevent
    process.o(.text) refers to process.o(.bss) for events
    rtimer.o(.text) refers to rtimer-arch.o(.text) for rtimer_arch_init
    rtimer.o(.text) refers to rtimer.o(.data) for next_rtimer
    stimer.o(.text) refers to clock.o(.text) for clock_seconds
    timer.o(.text) refers to clock.o(.text) for clock_time
    linkaddr.o(.text) refers to memcmp.o(.text) for memcmp
    linkaddr.o(.text) refers to linkaddr.o(.data) for linkaddr_node_addr
    nbr-table.o(.text) refers to list.o(.text) for list_head
    nbr-table.o(.text) refers to linkaddr.o(.text) for linkaddr_cmp
    nbr-table.o(.text) refers to memb.o(.text) for memb_alloc
    nbr-table.o(.text) refers to memseta.o(.text) for __aeabi_memclr
    nbr-table.o(.text) refers to nbr-table.o(.data) for neighbor_addr_mem
    nbr-table.o(.text) refers to linkaddr.o(.constdata) for linkaddr_null
    nbr-table.o(.text) refers to nbr-table.o(.bss) for all_tables
    nbr-table.o(.data) refers to nbr-table.o(.bss) for neighbor_addr_mem_memb_mem
    packetbuf.o(.text) refers to linkaddr.o(.text) for linkaddr_copy
    packetbuf.o(.text) refers to memmovea.o(.text) for __aeabi_memcpy
    packetbuf.o(.text) refers to packetbuf.o(.bss) for packetbuf_attrs
    packetbuf.o(.text) refers to packetbuf.o(.data) for packetbuf_addrs
    packetbuf.o(.text) refers to linkaddr.o(.constdata) for linkaddr_null
    packetbuf.o(.data) refers to packetbuf.o(.bss) for packetbuf_aligned
    queuebuf.o(.text) refers to memb.o(.text) for memb_init
    queuebuf.o(.text) refers to packetbuf.o(.text) for packetbuf_copyto
    queuebuf.o(.text) refers to queuebuf.o(.data) for buframmem
    queuebuf.o(.data) refers to queuebuf.o(.bss) for bufmem_memb_mem
    aes-128.o(.text) refers to memmovea.o(.text) for __aeabi_memcpy
    aes-128.o(.text) refers to aes-128.o(.bss) for round_keys
    aes-128.o(.text) refers to aes-128.o(.constdata) for sbox
    aes-128.o(.constdata) refers to aes-128.o(.text) for set_key
    assert.o(.text) refers to printf8.o(i.__0printf$8) for __2printf
    ccm-star.o(.text) refers to memmovea.o(.text) for __aeabi_memcpy
    ccm-star.o(.text) refers to aes-128.o(.constdata) for aes_128_driver
    ccm-star.o(.constdata) refers to ccm-star.o(.text) for set_key
    gcr.o(.text) refers to gcr.o(.data) for gcr_val
    gcr.o(.text) refers to gcr.o(.constdata) for GCR_encode
    ifft.o(.text) refers to ifft.o(.constdata) for SIN_TAB
    me.o(.text) refers to me_tabs.o(.constdata) for me_encode_tab
    memb.o(.text) refers to memseta.o(.text) for __aeabi_memclr
    mmem.o(.text) refers to list.o(.text) for list_add
    mmem.o(.text) refers to memmovea.o(.text) for __aeabi_memmove
    mmem.o(.text) refers to mmem.o(.data) for avail_memory
    mmem.o(.text) refers to mmem.o(.bss) for memory
    petsciiconv.o(.text) refers to petsciiconv.o(.data) for ascii2petscii
    random.o(.text) refers to rand.o(.text) for srand
    trickle-timer.o(.text) refers to random.o(.text) for random_rand
    trickle-timer.o(.text) refers to clock.o(.text) for clock_time
    trickle-timer.o(.text) refers to ctimer.o(.text) for ctimer_set
    trickle-timer.o(.text) refers to trickle-timer.o(.data) for loctt
    serial-line.o(.text) refers to ringbuf.o(.text) for ringbuf_put
    serial-line.o(.text) refers to process.o(.text) for process_poll
    serial-line.o(.text) refers to serial-line.o(.data) for overflow
[...]
    update_time                              0x08000145   Thumb Code    70  etimer.o(.text)
    process_thread_etimer_process            0x08000195   Thumb Code   224  etimer.o(.text)
    add_timer                                0x08000275   Thumb Code    64  etimer.o(.text)
    .text                                    0x080003a4   Section        0  process.o(.text)
    exit_process                             0x080003c3   Thumb Code   150  process.o(.text)
    call_process                             0x08000459   Thumb Code    74  process.o(.text)
    do_poll                                  0x08000529   Thumb Code    44  process.o(.text)
    do_event                                 0x08000555   Thumb Code   196  process.o(.text)
    .text                                    0x080006ec   Section        0  rtimer.o(.text)
    .text                                    0x08000760   Section        0  timer.o(.text)
    .text                                    0x080007b4   Section        0  list.o(.text)
    .text                                    0x080008c8   Section        0  ringbuf.o(.text)
    .text                                    0x08000940   Section        0  serial-line.o(.text)
    process_thread_serial_line_process       0x08000983   Thumb Code   192  serial-line.o(.text)
    .text                                    0x08000a78   Section        0  uip.o(.text)
    chksum                                   0x08000ae9   Thumb Code    70  uip.o(.text)
    upper_layer_chksum                       0x08000b71   Thumb Code    68  uip.o(.text)
    uip_add_rcv_nxt                          0x08000ea3   Thumb Code    58  uip.o(.text)
    .text                                    0x08001e18   Section        0  uip_arp.o(.text)
    uip_arp_update                           0x08001e9f   Thumb Code   300  uip_arp.o(.text)
    .text                                    0x0800223c   Section        0  tcpip.o(.text)
    start_periodic_tcp_timer                 0x08002257   Thumb Code    18  tcpip.o(.text)
    check_for_tcp_syn                        0x08002269   Thumb Code    30  tcpip.o(.text)
    packet_input                             0x08002287   Thumb Code    34  tcpip.o(.text)
    eventhandler                             0x080023db   Thumb Code   318  tcpip.o(.text)
    process_thread_tcpip_process             0x080025b1   Thumb Code   222  tcpip.o(.text)
    .text                                    0x08002690   Section        0  clock.o(.text)
    .text                                    0x08002748   Section        0  debug-uart.o(.text)
    .text                                    0x08002824   Section        0  misc.o(.text)
    .text                                    0x08002900   Section        0  stm32f10x_exti.o(.text)
    .text                                    0x08002a1c   Section        0  stm32f10x_gpio.o(.text)
    .text                                    0x08002d74   Section        0  stm32f10x_rcc.o(.text)
    .text                                    0x08003118   Section        0  stm32f10x_spi.o(.text)
    .text                                    0x08003424   Section        0  stm32f10x_tim.o(.text)
    TI4_Config                               0x080038cb   Thumb Code   130  stm32f10x_tim.o(.text)
    TI3_Config                               0x0800395f   Thumb Code   122  stm32f10x_tim.o(.text)
    TI2_Config                               0x080039f3   Thumb Code   130  stm32f10x_tim.o(.text)
    TI1_Config                               0x08003a87   Thumb Code   108  stm32f10x_tim.o(.text)
    .text                                    0x08004240   Section        0  stm32f10x_usart.o(.text)
    .text                                    0x08004648   Section        0  rtimer-arch.o(.text)
    .text                                    0x08004770   Section        0  enc28j60.o(.text)
    enc_read_op                              0x08004799   Thumb Code    50  enc28j60.o(.text)
    enc_write_op                             0x080047cb   Thumb Code    36  enc28j60.o(.text)
    setregbank                               0x080047ef   Thumb Code    48  enc28j60.o(.text)
    readreg                                  0x0800481f   Thumb Code    20  enc28j60.o(.text)
    writereg                                 0x08004833   Thumb Code    24  enc28j60.o(.text)
    writedatabyte                            0x0800484b   Thumb Code    26  enc28j60.o(.text)
    writedata                                0x08004865   Thumb Code    40  enc28j60.o(.text)
    readdatabyte                             0x0800488d   Thumb Code    26  enc28j60.o(.text)
    readdata                                 0x080048a7   Thumb Code    44  enc28j60.o(.text)
    softreset                                0x08004947   Thumb Code    18  enc28j60.o(.text)
    reset                                    0x08004969   Thumb Code   414  enc28j60.o(.text)
    .text                                    0x08004fd0   Section        0  led_blink.o(.text)
    process_thread_blink_process             0x08004ff9   Thumb Code   118  led_blink.o(.text)
    .text                                    0x0800507c   Section        0  stm32_shell.o(.text)
    process_thread_stm32_shell_process       0x0800507d   Thumb Code    40  stm32_shell.o(.text)
    .text                                    0x080050a4   Section        0  shell_blink.o(.text)
    led_init                                 0x080050a5   Thumb Code    38  shell_blink.o(.text)
    led_on                                   0x080050cb   Thumb Code    12  shell_blink.o(.text)
    led_off                                  0x080050d7   Thumb Code    12  shell_blink.o(.text)
    process_thread_shell_blink_process       0x080050e3   Thumb Code    72  shell_blink.o(.text)
    .text                                    0x08005158   Section        0  rtimer_example.o(.text)
    led_init                                 0x08005159   Thumb Code    40  rtimer_example.o(.text)
    led_off                                  0x08005181   Thumb Code    36  rtimer_example.o(.text)
    led_on                                   0x080051a5   Thumb Code    36  rtimer_example.o(.text)
    process_thread_rtimer_ex_process         0x080051c9   Thumb Code    50  rtimer_example.o(.text)
    .text                                    0x0800520c   Section        0  stm32_enc_example.o(.text)
    process_thread_enc_ex_process            0x0800530b   Thumb Code   344  stm32_enc_example.o(.text)
    .text                                    0x080054a4   Section        0  contiki-main.o(.text)
    .text                                    0x0800551c   Section        0  stm32f10x_it.o(.text)
    .text                                    0x08005550   Section        0  uart1.o(.text)
    .text                                    0x08005590   Section        0  enc28j160_arch.o(.text)
    enc28j60_rcc_config                      0x08005591   Thumb Code    20  enc28j160_arch.o(.text)
    enc28j60_gpio_config                     0x080055a5   Thumb Code    60  enc28j160_arch.o(.text)
    enc28j60_spi_config                      0x080055e1   Thumb Code    78  enc28j160_arch.o(.text)
    enc28j60_nvic_config                     0x0800562f   Thumb Code   100  enc28j160_arch.o(.text)
    .text                                    0x08005728   Section        0  serial-shell.o(.text)
    process_thread_serial_shell_process      0x08005787   Thumb Code    88  serial-shell.o(.text)
    .text                                    0x08005810   Section        0  shell.o(.text)
    process_thread_shell_null_process        0x08005811   Thumb Code    78  shell.o(.text)
    input_to_child_command                   0x0800585f   Thumb Code    50  shell.o(.text)
    command_kill                             0x080058e1   Thumb Code    24  shell.o(.text)
    killall                                  0x080058f9   Thumb Code    42  shell.o(.text)
    process_thread_shell_killall_process     0x08005923   Thumb Code    36  shell.o(.text)
    process_thread_shell_kill_process        0x08005947   Thumb Code   128  shell.o(.text)
    process_thread_help_command_process      0x080059c7   Thumb Code    70  shell.o(.text)
    process_thread_shell_exit_process        0x08005a0d   Thumb Code    36  shell.o(.text)
    replace_braces                           0x08005a31   Thumb Code    48  shell.o(.text)
    find_pipe                                0x08005a61   Thumb Code    52  shell.o(.text)
    start_command                            0x08005a95   Thumb Code   226  shell.o(.text)
    process_thread_shell_process             0x08005d77   Thumb Code   232  shell.o(.text)
    process_thread_shell_server_process      0x08005e7d   Thumb Code   172  shell.o(.text)
    .text                                    0x08006078   Section        0  system_stm32f10x.o(.text)
    SetSysClockTo72                          0x08006079   Thumb Code   212  system_stm32f10x.o(.text)
    SetSysClock                              0x0800614d   Thumb Code     8  system_stm32f10x.o(.text)
    .text                                    0x08006254   Section       36  startup_stm32f10x_hd.o(.text)
    .text                                    0x08006278   Section        0  ctype_o.o(.text)
    .text                                    0x08006280   Section        0  memmovea.o(.text)
    .text                                    0x080062c0   Section        0  memseta.o(.text)
    .text                                    0x080062e4   Section        0  strchr.o(.text)
    .text                                    0x080062f8   Section        0  strlen.o(.text)
    .text                                    0x08006306   Section        0  strcmp.o(.text)
    .text                                    0x08006322   Section        0  strncmp.o(.text)
    .text                                    0x08006340   Section        0  uldiv.o(.text)
    .text                                    0x080063a4   Section       36  init.o(.text)
    .text                                    0x080063c8   Section        0  llshl.o(.text)
    .text                                    0x080063e6   Section        0  llushr.o(.text)
    .text                                    0x08006406   Section        0  __dczerorl2.o(.text)
    i.__0printf$8                            0x08006464   Section        0  printf8.o(i.__0printf$8)
    i.__scatterload_copy                     0x08006484   Section       14  handlers.o(i.__scatterload_copy)
    i.__scatterload_null                     0x08006492   Section        2  handlers.o(i.__scatterload_null)
    i.__scatterload_zeroinit                 0x08006494   Section       14  handlers.o(i.__scatterload_zeroinit)
    i._printf_core                           0x080064a4   Section        0  printf8.o(i._printf_core)
    _printf_core                             0x080064a5   Thumb Code   988  printf8.o(i._printf_core)
    i._printf_post_padding                   0x080068ac   Section        0  printf8.o(i._printf_post_padding)
    _printf_post_padding                     0x080068ad   Thumb Code    38  printf8.o(i._printf_post_padding)
    i._printf_pre_padding                    0x080068d2   Section        0  printf8.o(i._printf_pre_padding)
    _printf_pre_padding                      0x080068d3   Thumb Code    48  printf8.o(i._printf_pre_padding)
    .constdata                               0x08006902   Section        8  uip.o(.constdata)
    .constdata                               0x0800690a   Section        6  uip_arp.o(.constdata)
    broadcast_ethaddr                        0x0800690a   Data           6  uip_arp.o(.constdata)
    .constdata                               0x08006910   Section      129  ctype_o.o(.constdata)
    .constdata                               0x08006994   Section        4  ctype_o.o(.constdata)
    table                                    0x08006994   Data           4  ctype_o.o(.constdata)
    .conststring                             0x08006998   Section       12  etimer.o(.conststring)
    .conststring                             0x080069a4   Section       14  serial-line.o(.conststring)
    .conststring                             0x080069b2   Section       13  tcpip.o(.conststring)
    .conststring                             0x080069bf   Section        6  led_blink.o(.conststring)
    .conststring                             0x080069c5   Section       20  stm32_shell.o(.conststring)
    .conststring                             0x080069d9   Section       38  shell_blink.o(.conststring)
    .conststring                             0x080069ff   Section       15  rtimer_example.o(.conststring)
    .conststring                             0x08006a0e   Section       17  stm32_enc_example.o(.conststring)
    .conststring                             0x08006a1f   Section       21  serial-shell.o(.conststring)
    .conststring                             0x08006a34   Section      213  shell.o(.conststring)
    .data                                    0x20000000   Section       24  etimer.o(.data)
    timerlist                                0x20000010   Data           4  etimer.o(.data)
    next_expiration                          0x20000014   Data           4  etimer.o(.data)
    .data                                    0x20000018   Section       29  process.o(.data)
    ev                                       0x20000020   Data           1  process.o(.data)
    data                                     0x20000024   Data           4  process.o(.data)
    receiver                                 0x20000028   Data           4  process.o(.data)
    p                                        0x2000002c   Data           4  process.o(.data)
    snum                                     0x20000030   Data           1  process.o(.data)
    lastevent                                0x20000031   Data           1  process.o(.data)
    nevents                                  0x20000032   Data           1  process.o(.data)
    fevent                                   0x20000033   Data           1  process.o(.data)
    poll_requested                           0x20000034   Data           1  process.o(.data)
    .data                                    0x20000038   Section        4  rtimer.o(.data)
    next_rtimer                              0x20000038   Data           4  rtimer.o(.data)
    .data                                    0x2000003c   Section        2  linkaddr.o(.data)
    .data                                    0x20000040   Section       33  serial-line.o(.data)
    overflow                                 0x20000050   Data           1  serial-line.o(.data)
    ptr                                      0x20000054   Data           4  serial-line.o(.data)
    rxbuf                                    0x20000058   Data           8  serial-line.o(.data)
    .data                                    0x20000064   Section       60  uip.o(.data)
    ipid                                     0x20000090   Data           2  uip.o(.data)
    iss                                      0x20000092   Data           4  uip.o(.data)
    lastport                                 0x20000096   Data           2  uip.o(.data)
    c                                        0x2000009c   Data           1  uip.o(.data)
    opt                                      0x2000009d   Data           1  uip.o(.data)
    tmp16                                    0x2000009e   Data           2  uip.o(.data)
    .data                                    0x200000a0   Section        8  uip_arp.o(.data)
    ipaddr                                   0x200000a0   Data           4  uip_arp.o(.data)
    i                                        0x200000a4   Data           1  uip_arp.o(.data)
    c                                        0x200000a5   Data           1  uip_arp.o(.data)
    arptime                                  0x200000a6   Data           1  uip_arp.o(.data)
    tmpage                                   0x200000a7   Data           1  uip_arp.o(.data)
    .data                                    0x200000a8   Section       28  tcpip.o(.data)
    i                                        0x200000b8   Data           1  tcpip.o(.data)
    i                                        0x200000b9   Data           1  tcpip.o(.data)
    i                                        0x200000ba   Data           1  tcpip.o(.data)
    i                                        0x200000bb   Data           1  tcpip.o(.data)
    i                                        0x200000bc   Data           1  tcpip.o(.data)
    outputfunc                               0x200000c0   Data           4  tcpip.o(.data)
    .data                                    0x200000c4   Section       12  clock.o(.data)
    current_clock                            0x200000c4   Data           4  clock.o(.data)
    current_seconds                          0x200000c8   Data           4  clock.o(.data)
    second_countdown                         0x200000cc   Data           4  clock.o(.data)
    .data                                    0x200000d0   Section       20  stm32f10x_rcc.o(.data)
    APBAHBPrescTable                         0x200000d0   Data          16  stm32f10x_rcc.o(.data)
    ADCPrescTable                            0x200000e0   Data           4  stm32f10x_rcc.o(.data)
    .data                                    0x200000e4   Section        2  rtimer-arch.o(.data)
    CCR1_Val                                 0x200000e4   Data           2  rtimer-arch.o(.data)
    .data                                    0x200000e8   Section       22  enc28j60.o(.data)
    initialized                              0x200000e8   Data           1  enc28j60.o(.data)
    received_packets                         0x200000ec   Data           4  enc28j60.o(.data)
    sent_packets                             0x200000f0   Data           4  enc28j60.o(.data)
    enc_mac_addr                             0x200000f4   Data           6  enc28j60.o(.data)
    Enc28j60Bank                             0x200000fa   Data           1  enc28j60.o(.data)
    NextPacketPtr                            0x200000fc   Data           2  enc28j60.o(.data)
    .data                                    0x20000100   Section       17  led_blink.o(.data)
    led_state                                0x20000110   Data           1  led_blink.o(.data)
    .data                                    0x20000114   Section       16  stm32_shell.o(.data)
    .data                                    0x20000124   Section       36  shell_blink.o(.data)
    blink_command                            0x20000134   Data          20  shell_blink.o(.data)
    .data                                    0x20000148   Section       16  rtimer_example.o(.data)
    .data                                    0x20000158   Section       46  stm32_enc_example.o(.data)
    ethernet_mac                             0x20000158   Data           6  stm32_enc_example.o(.data)
    periodic_timer                           0x20000170   Data           8  stm32_enc_example.o(.data)
    arp_timer                                0x20000178   Data           8  stm32_enc_example.o(.data)
    .data                                    0x20000188   Section        4  contiki-main.o(.data)
    .data                                    0x2000018c   Section        4  uart1.o(.data)
    uart1_input_handler                      0x2000018c   Data           4  uart1.o(.data)
    .data                                    0x20000190   Section       16  serial-shell.o(.data)
    .data                                    0x200001a0   Section      308  shell.o(.data)
    shell_prompt_text                        0x200001a0   Data          10  shell.o(.data)
    shell_banner_text                        0x200001aa   Data          22  shell.o(.data)
    commands_list                            0x200001c0   Data           4  shell.o(.data)
    commands                                 0x200001c4   Data           4  shell.o(.data)
    help_command                             0x200001f8   Data          20  shell.o(.data)
    question_command                         0x2000020c   Data          20  shell.o(.data)
    killall_command                          0x20000230   Data          20  shell.o(.data)
    kill_command                             0x20000254   Data          20  shell.o(.data)
    null_command                             0x20000278   Data          20  shell.o(.data)
    exit_command                             0x2000029c   Data          20  shell.o(.data)
    quit_command                             0x200002b0   Data          20  shell.o(.data)
    started_process                          0x200002c4   Data           4  shell.o(.data)
    front_process                            0x200002cc   Data           4  shell.o(.data)
    time_offset                              0x200002d0   Data           4  shell.o(.data)
    .data                                    0x200002d4   Section       20  system_stm32f10x.o(.data)
    .data                                    0x200002e8   Section        4  stdout.o(.data)
    .bss                                     0x200002ec   Section      384  process.o(.bss)
    events                                   0x200002ec   Data         384  process.o(.bss)
    .bss                                     0x2000046c   Section      256  serial-line.o(.bss)
    buf                                      0x2000046c   Data         128  serial-line.o(.bss)
    rxbuf_data                               0x200004ec   Data         128  serial-line.o(.bss)
    .bss                                     0x2000056c   Section     1880  uip.o(.bss)
    .bss                                     0x20000cc4   Section       96  uip_arp.o(.bss)
    arp_table                                0x20000cc4   Data          96  uip_arp.o(.bss)
    .bss                                     0x20000d24   Section      180  tcpip.o(.bss)
    periodic                                 0x20000d24   Data          16  tcpip.o(.bss)
    s                                        0x20000d34   Data         164  tcpip.o(.bss)
    .bss                                     0x20000dd8   Section       16  led_blink.o(.bss)
    et                                       0x20000dd8   Data          16  led_blink.o(.bss)
    .bss                                     0x20000de8   Section       12  rtimer_example.o(.bss)
    ex_timer                                 0x20000de8   Data          12  rtimer_example.o(.bss)
    .bss                                     0x20000df4   Section       16  shell.o(.bss)
    etimer                                   0x20000df4   Data          16  shell.o(.bss)
    STACK                                    0x20000e08   Section     1024  startup_stm32f10x_hd.o(STACK)

    Global Symbols

    Symbol Name                              Value     Ov Type        Size  Object(Section)

    BuildAttributes$$THM_ISAv4$P$D$K$B$S$PE$A:L22UL41UL21$X:L11$S22US41US21$IEEE1$IW$USESV6$~STKCKD$USESV7$~SHL$OSPACE$ROPI$EBA8$MICROLIB$REQ8$PRES8$EABIv2 0x00000000   Number         0  anon$$obj.o ABSOLUTE
    __ARM_use_no_argv                        0x00000000   Number         0  contiki-main.o ABSOLUTE
    _printf_a                                0x00000000   Number         0  stubs.o ABSOLUTE
    _printf_c                                0x00000000   Number         0  stubs.o ABSOLUTE
    _printf_charcount                        0x00000000   Number         0  stubs.o ABSOLUTE
    _printf_d                                0x00000000   Number         0  stubs.o ABSOLUTE
    _printf_e                                0x00000000   Number         0  stubs.o ABSOLUTE
    _printf_f                                0x00000000   Number         0  stubs.o ABSOLUTE
    _printf_flags                            0x00000000   Number         0  stubs.o ABSOLUTE
    _printf_fp_dec                           0x00000000   Number         0  stubs.o ABSOLUTE
    _printf_fp_hex                           0x00000000   Number         0  stubs.o ABSOLUTE
    _printf_g                                0x00000000   Number         0  stubs.o ABSOLUTE
    _printf_i                                0x00000000   Number         0  stubs.o ABSOLUTE
    _printf_int_dec                          0x00000000   Number         0  stubs.o ABSOLUTE
    _printf_l                                0x00000000   Number         0  stubs.o ABSOLUTE
    _printf_lc                               0x00000000   Number         0  stubs.o ABSOLUTE
    _printf_ll                               0x00000000   Number         0  stubs.o ABSOLUTE
    _printf_lld                              0x00000000   Number         0  stubs.o ABSOLUTE
    _printf_lli                              0x00000000   Number         0  stubs.o ABSOLUTE
    _printf_llo                              0x00000000   Number         0  stubs.o ABSOLUTE
    _printf_llu                              0x00000000   Number         0  stubs.o ABSOLUTE
    _printf_llx                              0x00000000   Number         0  stubs.o ABSOLUTE
    _printf_longlong_dec                     0x00000000   Number         0  stubs.o ABSOLUTE
    _printf_longlong_hex                     0x00000000   Number         0  stubs.o ABSOLUTE
    _printf_longlong_oct                     0x00000000   Number         0  stubs.o ABSOLUTE
    _printf_ls                               0x00000000   Number         0  stubs.o ABSOLUTE
    _printf_mbtowc                           0x00000000   Number         0  stubs.o ABSOLUTE
    _printf_n                                0x00000000   Number         0  stubs.o ABSOLUTE
    _printf_o                                0x00000000   Number         0  stubs.o ABSOLUTE
    _printf_p                                0x00000000   Number         0  stubs.o ABSOLUTE
    _printf_percent                          0x00000000   Number         0  stubs.o ABSOLUTE
    _printf_pre_padding                      0x00000000   Number         0  stubs.o ABSOLUTE
    _printf_return_value                     0x00000000   Number         0  stubs.o ABSOLUTE
    _printf_s                                0x00000000   Number         0  stubs.o ABSOLUTE
    _printf_sizespec                         0x00000000   Number         0  stubs.o ABSOLUTE
    _printf_str                              0x00000000   Number         0  stubs.o ABSOLUTE
    _printf_truncate_signed                  0x00000000   Number         0  stubs.o ABSOLUTE
    _printf_truncate_unsigned                0x00000000   Number         0  stubs.o ABSOLUTE
    _printf_u                                0x00000000   Number         0  stubs.o ABSOLUTE
    _printf_wc                               0x00000000   Number         0  stubs.o ABSOLUTE
    _printf_wctomb                           0x00000000   Number         0  stubs.o ABSOLUTE
    _printf_widthprec                        0x00000000   Number         0  stubs.o ABSOLUTE
    _printf_x                                0x00000000   Number         0  stubs.o ABSOLUTE
    __cpp_initialize__aeabi_                  - Undefined Weak Reference
    __cxa_finalize                            - Undefined Weak Reference
    _clock_init                               - Undefined Weak Reference
    _microlib_exit                            - Undefined Weak Reference
    __Vectors_Size                           0x00000130   Number         0  startup_stm32f10x_hd.o ABSOLUTE
    __Vectors                                0x08000000   Data           4  startup_stm32f10x_hd.o(RESET)
    __Vectors_End                            0x08000130   Data           0  startup_stm32f10x_hd.o(RESET)
    __main                                   0x08000131   Thumb Code     0  entry.o(.ARM.Collect$$$$00000000)
    _main_stk                                0x08000131   Thumb Code     0  entry2.o(.ARM.Collect$$$$00000001)
    _main_scatterload                        0x08000135   Thumb Code     0  entry5.o(.ARM.Collect$$$$00000004)
    __main_after_scatterload                 0x08000139   Thumb Code     0  entry5.o(.ARM.Collect$$$$00000004)
    _main_clock                              0x08000139   Thumb Code     0  entry7b.o(.ARM.Collect$$$$00000008)
    _main_cpp_init                           0x08000139   Thumb Code     0  entry8b.o(.ARM.Collect$$$$0000000A)
    _main_init                               0x08000139   Thumb Code     0  entry9a.o(.ARM.Collect$$$$0000000B)
    __rt_final_cpp                           0x08000141   Thumb Code     0  entry10a.o(.ARM.Collect$$$$0000000D)
    __rt_final_exit                          0x08000141   Thumb Code     0  entry11a.o(.ARM.Collect$$$$0000000F)
    etimer_request_poll                      0x0800018b   Thumb Code    10  etimer.o(.text)
    etimer_set                               0x080002b5   Thumb Code    22  etimer.o(.text)
    etimer_reset_with_new_interval           0x080002cb   Thumb Code    22  etimer.o(.text)
    etimer_reset                             0x080002e1   Thumb Code    18  etimer.o(.text)
    etimer_restart                           0x080002f3   Thumb Code    18  etimer.o(.text)
    etimer_adjust                            0x08000305   Thumb Code    18  etimer.o(.text)
    etimer_expired                           0x08000317   Thumb Code    14  etimer.o(.text)
    etimer_expiration_time                   0x08000325   Thumb Code    10  etimer.o(.text)
    etimer_start_time                        0x0800032f   Thumb Code     6  etimer.o(.text)
    etimer_pending                           0x08000335   Thumb Code    14  etimer.o(.text)
    etimer_next_expiration_time              0x08000343   Thumb Code    18  etimer.o(.text)
    etimer_stop                              0x08000355   Thumb Code    62  etimer.o(.text)
    process_alloc_event                      0x080003a5   Thumb Code    16  process.o(.text)
    process_is_running                       0x080003b5   Thumb Code    14  process.o(.text)
    process_post_synch                       0x080004a3   Thumb Code    32  process.o(.text)
    process_start                            0x080004c3   Thumb Code    60  process.o(.text)
    process_exit                             0x080004ff   Thumb Code    16  process.o(.text)
    process_init                             0x0800050f   Thumb Code    26  process.o(.text)
    process_run                              0x08000619   Thumb Code    28  process.o(.text)
    process_nevents                          0x08000635   Thumb Code    12  process.o(.text)
    process_post                             0x08000641   Thumb Code   100  process.o(.text)
    process_poll                             0x080006a5   Thumb Code    24  process.o(.text)
    rtimer_init                              0x080006ed   Thumb Code     8  rtimer.o(.text)
    rtimer_set                               0x080006f5   Thumb Code    56  rtimer.o(.text)
    rtimer_run_next                          0x0800072d   Thumb Code    48  rtimer.o(.text)
    timer_set                                0x08000761   Thumb Code    16  timer.o(.text)
    timer_reset                              0x08000771   Thumb Code    10  timer.o(.text)
    timer_restart                            0x0800077b   Thumb Code    12  timer.o(.text)
    timer_expired                            0x08000787   Thumb Code    28  timer.o(.text)
    timer_remaining                          0x080007a3   Thumb Code    18  timer.o(.text)
    list_init                                0x080007b5   Thumb Code     6  list.o(.text)
    list_head                                0x080007bb   Thumb Code     6  list.o(.text)
    list_copy                                0x080007c1   Thumb Code     6  list.o(.text)
    list_tail                                0x080007c7   Thumb Code    26  list.o(.text)
    list_remove                              0x080007e1   Thumb Code    52  list.o(.text)
    list_add                                 0x08000815   Thumb Code    36  list.o(.text)
    list_push                                0x08000839   Thumb Code    22  list.o(.text)
    list_chop                                0x0800084f   Thumb Code    48  list.o(.text)
    list_pop                                 0x0800087f   Thumb Code    16  list.o(.text)
    list_length                              0x0800088f   Thumb Code    18  list.o(.text)
    list_insert                              0x080008a1   Thumb Code    28  list.o(.text)
    list_item_next                           0x080008bd   Thumb Code    12  list.o(.text)
    ringbuf_init                             0x080008c9   Thumb Code    14  ringbuf.o(.text)
    ringbuf_put                              0x080008d7   Thumb Code    40  ringbuf.o(.text)
    ringbuf_get                              0x080008ff   Thumb Code    42  ringbuf.o(.text)
    ringbuf_size                             0x08000929   Thumb Code     8  ringbuf.o(.text)
    ringbuf_elements                         0x08000931   Thumb Code    14  ringbuf.o(.text)
    serial_line_input_byte                   0x08000941   Thumb Code    66  serial-line.o(.text)
    serial_line_init                         0x08000a43   Thumb Code    22  serial-line.o(.text)
    uip_setipid                              0x08000a79   Thumb Code     6  uip.o(.text)
    uip_add32                                0x08000a7f   Thumb Code   106  uip.o(.text)
    uip_htons                                0x08000b2f   Thumb Code    12  uip.o(.text)
    uip_chksum                               0x08000b3b   Thumb Code    24  uip.o(.text)
    uip_ipchksum                             0x08000b53   Thumb Code    30  uip.o(.text)
    uip_tcpchksum                            0x08000bb5   Thumb Code    10  uip.o(.text)
    uip_init                                 0x08000bbf   Thumb Code   136  uip.o(.text)
    uip_connect                              0x08000c47   Thumb Code   258  uip.o(.text)
    uip_udp_new                              0x08000d49   Thumb Code   196  uip.o(.text)
    uip_unlisten                             0x08000e0d   Thumb Code    58  uip.o(.text)
    uip_listen                               0x08000e47   Thumb Code    92  uip.o(.text)
    uip_process                              0x08000edd   Thumb Code  3766  uip.o(.text)
    uip_htonl                                0x08001d93   Thumb Code    26  uip.o(.text)
    uip_send                                 0x08001dad   Thumb Code    76  uip.o(.text)
    uip_arp_init                             0x08001e19   Thumb Code    46  uip_arp.o(.text)
    uip_arp_timer                            0x08001e47   Thumb Code    88  uip_arp.o(.text)
    uip_arp_arpin                            0x08001fcb   Thumb Code   202  uip_arp.o(.text)
    uip_arp_out                              0x08002095   Thumb Code   424  uip_arp.o(.text)
    tcpip_output                             0x0800223d   Thumb Code    20  tcpip.o(.text)
    tcpip_set_outputfunc                     0x08002251   Thumb Code     6  tcpip.o(.text)
    tcpip_poll_tcp                           0x080022a9   Thumb Code    16  tcpip.o(.text)
    tcp_connect                              0x080022b9   Thumb Code    46  tcpip.o(.text)
    tcp_unlisten                             0x080022e7   Thumb Code    66  tcpip.o(.text)
    tcp_listen                               0x08002329   Thumb Code    58  tcpip.o(.text)
    tcp_attach                               0x08002363   Thumb Code    14  tcpip.o(.text)
    udp_attach                               0x08002371   Thumb Code    14  tcpip.o(.text)
    udp_new                                  0x0800237f   Thumb Code    44  tcpip.o(.text)
    udp_broadcast_new                        0x080023ab   Thumb Code    48  tcpip.o(.text)
    tcpip_input                              0x08002519   Thumb Code    20  tcpip.o(.text)
    tcpip_poll_udp                           0x0800252d   Thumb Code    16  tcpip.o(.text)
    tcpip_uipcall                            0x0800253d   Thumb Code   116  tcpip.o(.text)
    SysTick_Handler                          0x08002691   Thumb Code    66  clock.o(.text)
    clock_init                               0x080026d3   Thumb Code    82  clock.o(.text)
    clock_time                               0x08002725   Thumb Code     6  clock.o(.text)
    clock_seconds                            0x0800272b   Thumb Code     6  clock.o(.text)
    uart_nvic_config                         0x08002749   Thumb Code    36  debug-uart.o(.text)
    dbg_setup_uart                           0x0800276d   Thumb Code   142  debug-uart.o(.text)
    fputc                                    0x080027fb   Thumb Code    32  debug-uart.o(.text)
    NVIC_PriorityGroupConfig                 0x08002825   Thumb Code    10  misc.o(.text)
    NVIC_Init                                0x0800282f   Thumb Code   102  misc.o(.text)
    NVIC_SetVectorTable                      0x08002895   Thumb Code    14  misc.o(.text)
    NVIC_SystemLPConfig                      0x080028a3   Thumb Code    34  misc.o(.text)
    SysTick_CLKSourceConfig                  0x080028c5   Thumb Code    40  misc.o(.text)
    EXTI_DeInit                              0x08002901   Thumb Code    28  stm32f10x_exti.o(.text)
    EXTI_Init                                0x0800291d   Thumb Code   142  stm32f10x_exti.o(.text)
    EXTI_StructInit                          0x080029ab   Thumb Code    16  stm32f10x_exti.o(.text)
    EXTI_GenerateSWInterrupt                 0x080029bb   Thumb Code    16  stm32f10x_exti.o(.text)
    EXTI_GetFlagStatus                       0x080029cb   Thumb Code    22  stm32f10x_exti.o(.text)
    EXTI_ClearFlag                           0x080029e1   Thumb Code     8  stm32f10x_exti.o(.text)
    EXTI_GetITStatus                         0x080029e9   Thumb Code    34  stm32f10x_exti.o(.text)
    EXTI_ClearITPendingBit                   0x08002a0b   Thumb Code     8  stm32f10x_exti.o(.text)
    GPIO_DeInit                              0x08002a1d   Thumb Code   172  stm32f10x_gpio.o(.text)
    GPIO_AFIODeInit                          0x08002ac9   Thumb Code    20  stm32f10x_gpio.o(.text)
    GPIO_Init                                0x08002add   Thumb Code   274  stm32f10x_gpio.o(.text)
    GPIO_StructInit                          0x08002bef   Thumb Code    16  stm32f10x_gpio.o(.text)
    GPIO_ReadInputDataBit                    0x08002bff   Thumb Code    18  stm32f10x_gpio.o(.text)
    GPIO_ReadInputData                       0x08002c11   Thumb Code     8  stm32f10x_gpio.o(.text)
    GPIO_ReadOutputDataBit                   0x08002c19   Thumb Code    18  stm32f10x_gpio.o(.text)
    GPIO_ReadOutputData                      0x08002c2b   Thumb Code     8  stm32f10x_gpio.o(.text)
    GPIO_SetBits                             0x08002c33   Thumb Code     4  stm32f10x_gpio.o(.text)
    GPIO_ResetBits                           0x08002c37   Thumb Code     4  stm32f10x_gpio.o(.text)
    GPIO_WriteBit                            0x08002c3b   Thumb Code    10  stm32f10x_gpio.o(.text)
    GPIO_Write                               0x08002c45   Thumb Code     4  stm32f10x_gpio.o(.text)
    GPIO_PinLockConfig                       0x08002c49   Thumb Code    18  stm32f10x_gpio.o(.text)
    GPIO_EventOutputConfig                   0x08002c5b   Thumb Code    26  stm32f10x_gpio.o(.text)
    GPIO_EventOutputCmd                      0x08002c75   Thumb Code     6  stm32f10x_gpio.o(.text)
    GPIO_PinRemapConfig                      0x08002c7b   Thumb Code   138  stm32f10x_gpio.o(.text)
    GPIO_EXTILineConfig                      0x08002d05   Thumb Code    66  stm32f10x_gpio.o(.text)
    GPIO_ETH_MediaInterfaceConfig            0x08002d47   Thumb Code     6  stm32f10x_gpio.o(.text)
    RCC_DeInit                               0x08002d75   Thumb Code    64  stm32f10x_rcc.o(.text)
    RCC_HSEConfig                            0x08002db5   Thumb Code    70  stm32f10x_rcc.o(.text)
    RCC_GetFlagStatus                        0x08002dfb   Thumb Code    56  stm32f10x_rcc.o(.text)
    RCC_WaitForHSEStartUp                    0x08002e33   Thumb Code    56  stm32f10x_rcc.o(.text)
    RCC_AdjustHSICalibrationValue            0x08002e6b   Thumb Code    20  stm32f10x_rcc.o(.text)
    RCC_HSICmd                               0x08002e7f   Thumb Code     6  stm32f10x_rcc.o(.text)
    RCC_PLLConfig                            0x08002e85   Thumb Code    24  stm32f10x_rcc.o(.text)
    RCC_PLLCmd                               0x08002e9d   Thumb Code     6  stm32f10x_rcc.o(.text)
    RCC_SYSCLKConfig                         0x08002ea3   Thumb Code    18  stm32f10x_rcc.o(.text)
    RCC_GetSYSCLKSource                      0x08002eb5   Thumb Code    10  stm32f10x_rcc.o(.text)
    RCC_HCLKConfig                           0x08002ebf   Thumb Code    18  stm32f10x_rcc.o(.text)
    RCC_PCLK1Config                          0x08002ed1   Thumb Code    18  stm32f10x_rcc.o(.text)
    RCC_PCLK2Config                          0x08002ee3   Thumb Code    20  stm32f10x_rcc.o(.text)
    RCC_ITConfig                             0x08002ef7   Thumb Code    26  stm32f10x_rcc.o(.text)
    RCC_USBCLKConfig                         0x08002f11   Thumb Code     6  stm32f10x_rcc.o(.text)
    RCC_ADCCLKConfig                         0x08002f17   Thumb Code    18  stm32f10x_rcc.o(.text)
    RCC_LSEConfig                            0x08002f29   Thumb Code    44  stm32f10x_rcc.o(.text)
    RCC_LSICmd                               0x08002f55   Thumb Code     6  stm32f10x_rcc.o(.text)
    RCC_RTCCLKConfig                         0x08002f5b   Thumb Code    12  stm32f10x_rcc.o(.text)
    RCC_RTCCLKCmd                            0x08002f67   Thumb Code     8  stm32f10x_rcc.o(.text)
    RCC_GetClocksFreq                        0x08002f6f   Thumb Code   192  stm32f10x_rcc.o(.text)
    RCC_AHBPeriphClockCmd                    0x0800302f   Thumb Code    26  stm32f10x_rcc.o(.text)
    RCC_APB2PeriphClockCmd                   0x08003049   Thumb Code    26  stm32f10x_rcc.o(.text)
    RCC_APB1PeriphClockCmd                   0x08003063   Thumb Code    26  stm32f10x_rcc.o(.text)
    RCC_APB2PeriphResetCmd                   0x0800307d   Thumb Code    26  stm32f10x_rcc.o(.text)
    RCC_APB1PeriphResetCmd                   0x08003097   Thumb Code    26  stm32f10x_rcc.o(.text)
    RCC_BackupResetCmd                       0x080030b1   Thumb Code     8  stm32f10x_rcc.o(.text)
    RCC_ClockSecuritySystemCmd               0x080030b9   Thumb Code     6  stm32f10x_rcc.o(.text)
    RCC_MCOConfig                            0x080030bf   Thumb Code     6  stm32f10x_rcc.o(.text)
    RCC_ClearFlag                            0x080030c5   Thumb Code    14  stm32f10x_rcc.o(.text)
    RCC_GetITStatus                          0x080030d3   Thumb Code    20  stm32f10x_rcc.o(.text)
    RCC_ClearITPendingBit                    0x080030e7   Thumb Code     6  stm32f10x_rcc.o(.text)
    SPI_I2S_DeInit                           0x08003119   Thumb Code    76  stm32f10x_spi.o(.text)
    SPI_Init                                 0x08003165   Thumb Code    60  stm32f10x_spi.o(.text)
    I2S_Init                                 0x080031a1   Thumb Code   226  stm32f10x_spi.o(.text)
    SPI_StructInit                           0x08003283   Thumb Code    24  stm32f10x_spi.o(.text)
    I2S_StructInit                           0x0800329b   Thumb Code    20  stm32f10x_spi.o(.text)
    SPI_Cmd                                  0x080032af   Thumb Code    24  stm32f10x_spi.o(.text)
    I2S_Cmd                                  0x080032c7   Thumb Code    24  stm32f10x_spi.o(.text)
    SPI_I2S_ITConfig                         0x080032df   Thumb Code    32  stm32f10x_spi.o(.text)
    SPI_I2S_DMACmd                           0x080032ff   Thumb Code    18  stm32f10x_spi.o(.text)
    SPI_I2S_SendData                         0x08003311   Thumb Code     4  stm32f10x_spi.o(.text)
    SPI_I2S_ReceiveData                      0x08003315   Thumb Code     6  stm32f10x_spi.o(.text)
    SPI_NSSInternalSoftwareConfig            0x0800331b   Thumb Code    30  stm32f10x_spi.o(.text)
    SPI_SSOutputCmd                          0x08003339   Thumb Code    24  stm32f10x_spi.o(.text)
    SPI_DataSizeConfig                       0x08003351   Thumb Code    18  stm32f10x_spi.o(.text)
    SPI_TransmitCRC                          0x08003363   Thumb Code    10  stm32f10x_spi.o(.text)
    SPI_CalculateCRC                         0x0800336d   Thumb Code    24  stm32f10x_spi.o(.text)
    SPI_GetCRC                               0x08003385   Thumb Code    16  stm32f10x_spi.o(.text)
    SPI_GetCRCPolynomial                     0x08003395   Thumb Code     6  stm32f10x_spi.o(.text)
    SPI_BiDirectionalLineConfig              0x0800339b   Thumb Code    28  stm32f10x_spi.o(.text)
    SPI_I2S_GetFlagStatus                    0x080033b7   Thumb Code    18  stm32f10x_spi.o(.text)
    SPI_I2S_ClearFlag                        0x080033c9   Thumb Code     6  stm32f10x_spi.o(.text)
    SPI_I2S_GetITStatus                      0x080033cf   Thumb Code    52  stm32f10x_spi.o(.text)
    SPI_I2S_ClearITPendingBit                0x08003403   Thumb Code    20  stm32f10x_spi.o(.text)
    TIM_DeInit                               0x08003425   Thumb Code   424  stm32f10x_tim.o(.text)
    TIM_TimeBaseInit                         0x080035cd   Thumb Code   122  stm32f10x_tim.o(.text)
    TIM_OC1Init                              0x08003647   Thumb Code   132  stm32f10x_tim.o(.text)
    TIM_OC2Init                              0x080036cb   Thumb Code   154  stm32f10x_tim.o(.text)
    TIM_OC3Init                              0x08003765   Thumb Code   150  stm32f10x_tim.o(.text)
    TIM_OC4Init                              0x080037fb   Thumb Code   182  stm32f10x_tim.o(.text)
    TIM_SetIC4Prescaler                      0x080038b1   Thumb Code    26  stm32f10x_tim.o(.text)
    TIM_SetIC3Prescaler                      0x0800394d   Thumb Code    18  stm32f10x_tim.o(.text)
    TIM_SetIC2Prescaler                      0x080039d9   Thumb Code    26  stm32f10x_tim.o(.text)
    TIM_SetIC1Prescaler                      0x08003a75   Thumb Code    18  stm32f10x_tim.o(.text)
    TIM_ICInit                               0x08003af3   Thumb Code   150  stm32f10x_tim.o(.text)
    TIM_PWMIConfig                           0x08003b89   Thumb Code   124  stm32f10x_tim.o(.text)
    TIM_BDTRConfig                           0x08003c05   Thumb Code    32  stm32f10x_tim.o(.text)
    TIM_TimeBaseStructInit                   0x08003c25   Thumb Code    18  stm32f10x_tim.o(.text)
    TIM_OCStructInit                         0x08003c37   Thumb Code    20  stm32f10x_tim.o(.text)
    TIM_ICStructInit                         0x08003c4b   Thumb Code    18  stm32f10x_tim.o(.text)
    TIM_BDTRStructInit                       0x08003c5d   Thumb Code    40  stm32f10x_tim.o(.text)
    TIM_Cmd                                  0x08003c85   Thumb Code    24  stm32f10x_tim.o(.text)
    TIM_CtrlPWMOutputs                       0x08003c9d   Thumb Code    30  stm32f10x_tim.o(.text)
    TIM_ITConfig                             0x08003cbb   Thumb Code    18  stm32f10x_tim.o(.text)
    TIM_GenerateEvent                        0x08003ccd   Thumb Code     4  stm32f10x_tim.o(.text)
    TIM_DMAConfig                            0x08003cd1   Thumb Code    10  stm32f10x_tim.o(.text)
    TIM_DMACmd                               0x08003cdb   Thumb Code    18  stm32f10x_tim.o(.text)
    TIM_InternalClockConfig                  0x08003ced   Thumb Code    12  stm32f10x_tim.o(.text)
    TIM_SelectInputTrigger                   0x08003cf9   Thumb Code    18  stm32f10x_tim.o(.text)
    TIM_ITRxExternalClockConfig              0x08003d0b   Thumb Code    24  stm32f10x_tim.o(.text)
    TIM_TIxExternalClockConfig               0x08003d23   Thumb Code    62  stm32f10x_tim.o(.text)
    TIM_ETRConfig                            0x08003d61   Thumb Code    28  stm32f10x_tim.o(.text)
    TIM_ETRClockMode1Config                  0x08003d7d   Thumb Code    54  stm32f10x_tim.o(.text)
    TIM_ETRClockMode2Config                  0x08003db3   Thumb Code    32  stm32f10x_tim.o(.text)
    TIM_PrescalerConfig                      0x08003dd3   Thumb Code     6  stm32f10x_tim.o(.text)
    TIM_CounterModeConfig                    0x08003dd9   Thumb Code    18  stm32f10x_tim.o(.text)
    TIM_EncoderInterfaceConfig               0x08003deb   Thumb Code    66  stm32f10x_tim.o(.text)
    TIM_ForcedOC1Config                      0x08003e2d   Thumb Code    18  stm32f10x_tim.o(.text)
    TIM_ForcedOC2Config                      0x08003e3f   Thumb Code    26  stm32f10x_tim.o(.text)
    TIM_ForcedOC3Config                      0x08003e59   Thumb Code    18  stm32f10x_tim.o(.text)
    TIM_ForcedOC4Config                      0x08003e6b   Thumb Code    26  stm32f10x_tim.o(.text)
    TIM_ARRPreloadConfig                     0x08003e85   Thumb Code    24  stm32f10x_tim.o(.text)
    TIM_SelectCOM                            0x08003e9d   Thumb Code    24  stm32f10x_tim.o(.text)
    TIM_SelectCCDMA                          0x08003eb5   Thumb Code    24  stm32f10x_tim.o(.text)
    TIM_CCPreloadControl                     0x08003ecd   Thumb Code    24  stm32f10x_tim.o(.text)
    TIM_OC1PreloadConfig                     0x08003ee5   Thumb Code    18  stm32f10x_tim.o(.text)
    TIM_OC2PreloadConfig                     0x08003ef7   Thumb Code    26  stm32f10x_tim.o(.text)
    TIM_OC3PreloadConfig                     0x08003f11   Thumb Code    18  stm32f10x_tim.o(.text)
    TIM_OC4PreloadConfig                     0x08003f23   Thumb Code    26  stm32f10x_tim.o(.text)
    TIM_OC1FastConfig                        0x08003f3d   Thumb Code    18  stm32f10x_tim.o(.text)
    TIM_OC2FastConfig                        0x08003f4f   Thumb Code    26  stm32f10x_tim.o(.text)
    TIM_OC3FastConfig                        0x08003f69   Thumb Code    18  stm32f10x_tim.o(.text)
    TIM_OC4FastConfig                        0x08003f7b   Thumb Code    26  stm32f10x_tim.o(.text)
    TIM_ClearOC1Ref                          0x08003f95   Thumb Code    18  stm32f10x_tim.o(.text)
    TIM_ClearOC2Ref                          0x08003fa7   Thumb Code    24  stm32f10x_tim.o(.text)
    TIM_ClearOC3Ref                          0x08003fbf   Thumb Code    18  stm32f10x_tim.o(.text)
    TIM_ClearOC4Ref                          0x08003fd1   Thumb Code    24  stm32f10x_tim.o(.text)
    TIM_OC1PolarityConfig                    0x08003fe9   Thumb Code    18  stm32f10x_tim.o(.text)
    TIM_OC1NPolarityConfig                   0x08003ffb   Thumb Code    18  stm32f10x_tim.o(.text)
    TIM_OC2PolarityConfig                    0x0800400d   Thumb Code    26  stm32f10x_tim.o(.text)
    TIM_OC2NPolarityConfig                   0x08004027   Thumb Code    26  stm32f10x_tim.o(.text)
    TIM_OC3PolarityConfig                    0x08004041   Thumb Code    26  stm32f10x_tim.o(.text)
    TIM_OC3NPolarityConfig                   0x0800405b   Thumb Code    26  stm32f10x_tim.o(.text)
    TIM_OC4PolarityConfig                    0x08004075   Thumb Code    26  stm32f10x_tim.o(.text)
    TIM_CCxCmd                               0x0800408f   Thumb Code    30  stm32f10x_tim.o(.text)
    TIM_CCxNCmd                              0x080040ad   Thumb Code    30  stm32f10x_tim.o(.text)
    TIM_SelectOCxM                           0x080040cb   Thumb Code    82  stm32f10x_tim.o(.text)
    TIM_UpdateDisableConfig                  0x0800411d   Thumb Code    24  stm32f10x_tim.o(.text)
    TIM_UpdateRequestConfig                  0x08004135   Thumb Code    24  stm32f10x_tim.o(.text)
    TIM_SelectHallSensor                     0x0800414d   Thumb Code    24  stm32f10x_tim.o(.text)
    TIM_SelectOnePulseMode                   0x08004165   Thumb Code    18  stm32f10x_tim.o(.text)
    TIM_SelectOutputTrigger                  0x08004177   Thumb Code    18  stm32f10x_tim.o(.text)
    TIM_SelectSlaveMode                      0x08004189   Thumb Code    18  stm32f10x_tim.o(.text)
    TIM_SelectMasterSlaveMode                0x0800419b   Thumb Code    18  stm32f10x_tim.o(.text)
    TIM_SetCounter                           0x080041ad   Thumb Code     4  stm32f10x_tim.o(.text)
    TIM_SetAutoreload                        0x080041b1   Thumb Code     4  stm32f10x_tim.o(.text)
    TIM_SetCompare1                          0x080041b5   Thumb Code     4  stm32f10x_tim.o(.text)
    TIM_SetCompare2                          0x080041b9   Thumb Code     4  stm32f10x_tim.o(.text)
    TIM_SetCompare3                          0x080041bd   Thumb Code     4  stm32f10x_tim.o(.text)
    TIM_SetCompare4                          0x080041c1   Thumb Code     6  stm32f10x_tim.o(.text)
    TIM_SetClockDivision                     0x080041c7   Thumb Code    18  stm32f10x_tim.o(.text)
    TIM_GetCapture1                          0x080041d9   Thumb Code     6  stm32f10x_tim.o(.text)
    TIM_GetCapture2                          0x080041df   Thumb Code     6  stm32f10x_tim.o(.text)
    TIM_GetCapture3                          0x080041e5   Thumb Code     6  stm32f10x_tim.o(.text)
    TIM_GetCapture4                          0x080041eb   Thumb Code     8  stm32f10x_tim.o(.text)
    TIM_GetCounter                           0x080041f3   Thumb Code     6  stm32f10x_tim.o(.text)
    TIM_GetPrescaler                         0x080041f9   Thumb Code     6  stm32f10x_tim.o(.text)
    TIM_GetFlagStatus                        0x080041ff   Thumb Code    18  stm32f10x_tim.o(.text)
    TIM_ClearFlag                            0x08004211   Thumb Code     6  stm32f10x_tim.o(.text)
    TIM_GetITStatus                          0x08004217   Thumb Code    34  stm32f10x_tim.o(.text)
    TIM_ClearITPendingBit                    0x08004239   Thumb Code     6  stm32f10x_tim.o(.text)
    USART_DeInit                             0x08004241   Thumb Code   134  stm32f10x_usart.o(.text)
    USART_Init                               0x080042c7   Thumb Code   210  stm32f10x_usart.o(.text)
    USART_StructInit                         0x08004399   Thumb Code    24  stm32f10x_usart.o(.text)
    USART_ClockInit                          0x080043b1   Thumb Code    34  stm32f10x_usart.o(.text)
    USART_ClockStructInit                    0x080043d3   Thumb Code    12  stm32f10x_usart.o(.text)
    USART_Cmd                                0x080043df   Thumb Code    24  stm32f10x_usart.o(.text)
    USART_ITConfig                           0x080043f7   Thumb Code    74  stm32f10x_usart.o(.text)
    USART_DMACmd                             0x08004441   Thumb Code    18  stm32f10x_usart.o(.text)
    USART_SetAddress                         0x08004453   Thumb Code    18  stm32f10x_usart.o(.text)
    USART_WakeUpConfig                       0x08004465   Thumb Code    18  stm32f10x_usart.o(.text)
    USART_ReceiverWakeUpCmd                  0x08004477   Thumb Code    24  stm32f10x_usart.o(.text)
    USART_LINBreakDetectLengthConfig         0x0800448f   Thumb Code    18  stm32f10x_usart.o(.text)
    USART_LINCmd                             0x080044a1   Thumb Code    24  stm32f10x_usart.o(.text)
    USART_SendData                           0x080044b9   Thumb Code     8  stm32f10x_usart.o(.text)
    USART_ReceiveData                        0x080044c1   Thumb Code    10  stm32f10x_usart.o(.text)
    USART_SendBreak                          0x080044cb   Thumb Code    10  stm32f10x_usart.o(.text)
    USART_SetGuardTime                       0x080044d5   Thumb Code    16  stm32f10x_usart.o(.text)
    USART_SetPrescaler                       0x080044e5   Thumb Code    16  stm32f10x_usart.o(.text)
    USART_SmartCardCmd                       0x080044f5   Thumb Code    24  stm32f10x_usart.o(.text)
    USART_SmartCardNACKCmd                   0x0800450d   Thumb Code    24  stm32f10x_usart.o(.text)
    USART_HalfDuplexCmd                      0x08004525   Thumb Code    24  stm32f10x_usart.o(.text)
    USART_OverSampling8Cmd                   0x0800453d   Thumb Code    22  stm32f10x_usart.o(.text)
    USART_OneBitMethodCmd                    0x08004553   Thumb Code    24  stm32f10x_usart.o(.text)
    USART_IrDAConfig                         0x0800456b   Thumb Code    18  stm32f10x_usart.o(.text)
    USART_IrDACmd                            0x0800457d   Thumb Code    24  stm32f10x_usart.o(.text)
    USART_GetFlagStatus                      0x08004595   Thumb Code    26  stm32f10x_usart.o(.text)
    USART_ClearFlag                          0x080045af   Thumb Code    18  stm32f10x_usart.o(.text)
    USART_GetITStatus                        0x080045c1   Thumb Code    84  stm32f10x_usart.o(.text)
    USART_ClearITPendingBit                  0x08004615   Thumb Code    52  stm32f10x_usart.o(.text)
    rtimer_nvic_config                       0x08004649   Thumb Code    32  rtimer-arch.o(.text)
    rtimer_arch_enable_irq                   0x08004669   Thumb Code    14  rtimer-arch.o(.text)
    rtimer_arch_disable_irq                  0x08004677   Thumb Code    14  rtimer-arch.o(.text)
    rtimer_arch_init                         0x08004685   Thumb Code   132  rtimer-arch.o(.text)
    rtimer_arch_now                          0x08004709   Thumb Code    12  rtimer-arch.o(.text)
    rtimer_arch_schedule                     0x08004715   Thumb Code    46  rtimer-arch.o(.text)
    TIM2_IRQHandler                          0x08004743   Thumb Code    38  rtimer-arch.o(.text)
    _delay_us                                0x08004771   Thumb Code    20  enc28j60.o(.text)
    delay_ms                                 0x08004785   Thumb Code    20  enc28j60.o(.text)
    enc28j60_phy_write                       0x080048d3   Thumb Code    60  enc28j60.o(.text)
    enc28j60_phy_read                        0x0800490f   Thumb Code    56  enc28j60.o(.text)
    enc28j60_clkout                          0x08004959   Thumb Code    16  enc28j60.o(.text)
    enc28j60_init                            0x08004b07   Thumb Code    36  enc28j60.o(.text)
    enc28j60_send                            0x08004b2b   Thumb Code   140  enc28j60.o(.text)
    enc28j60_read                            0x08004bb7   Thumb Code   270  enc28j60.o(.text)
    enc28j60_regs                            0x08004cc5   Thumb Code   354  enc28j60.o(.text)
    blink_led_init                           0x08004fd1   Thumb Code    40  led_blink.o(.text)
    shell_blink_init                         0x0800512b   Thumb Code    14  shell_blink.o(.text)
    ptimer_set                               0x0800520d   Thumb Code    16  stm32_enc_example.o(.text)
    ptimer_reset                             0x0800521d   Thumb Code    12  stm32_enc_example.o(.text)
    ptimer_expired                           0x08005229   Thumb Code    26  stm32_enc_example.o(.text)
    uip_mac_init                             0x08005243   Thumb Code    72  stm32_enc_example.o(.text)
    enc_example_init                         0x0800528b   Thumb Code   128  stm32_enc_example.o(.text)
    enc28j60_arch_irq_process                0x08005463   Thumb Code    10  stm32_enc_example.o(.text)
    exa_appcall                              0x0800546d   Thumb Code     2  stm32_enc_example.o(.text)
    exa_uip_appcall                          0x0800546f   Thumb Code     2  stm32_enc_example.o(.text)
    main                                     0x080054a5   Thumb Code    90  contiki-main.o(.text)
    NMI_Handler                              0x0800551d   Thumb Code     2  stm32f10x_it.o(.text)
    HardFault_Handler                        0x0800551f   Thumb Code     4  stm32f10x_it.o(.text)
    MemManage_Handler                        0x08005523   Thumb Code     4  stm32f10x_it.o(.text)
    BusFault_Handler                         0x08005527   Thumb Code     4  stm32f10x_it.o(.text)
    UsageFault_Handler                       0x0800552b   Thumb Code     4  stm32f10x_it.o(.text)
    SVC_Handler                              0x0800552f   Thumb Code     2  stm32f10x_it.o(.text)
    DebugMon_Handler                         0x08005531   Thumb Code     2  stm32f10x_it.o(.text)
    PendSV_Handler                           0x08005533   Thumb Code     2  stm32f10x_it.o(.text)
    EXTI15_10_IRQHandler                     0x08005535   Thumb Code    26  stm32f10x_it.o(.text)
    uart1_set_input                          0x08005551   Thumb Code     6  uart1.o(.text)
    USART1_IRQHandler                        0x08005557   Thumb Code    48  uart1.o(.text)
    enc28j60_arch_spi_init                   0x08005693   Thumb Code    20  enc28j160_arch.o(.text)
    enc28j60_arch_spi_write                  0x080056a7   Thumb Code    32  enc28j160_arch.o(.text)
    enc28j60_arch_spi_read                   0x080056c7   Thumb Code    32  enc28j160_arch.o(.text)
    enc28j60_arch_spi_select                 0x080056e7   Thumb Code    14  enc28j160_arch.o(.text)
    enc28j60_arch_spi_deselect               0x080056f5   Thumb Code    14  enc28j160_arch.o(.text)
    enc28j60_arch_enc_rst                    0x08005703   Thumb Code    30  enc28j160_arch.o(.text)
    shell_default_output                     0x08005729   Thumb Code    72  serial-shell.o(.text)
    shell_prompt                             0x08005771   Thumb Code    20  serial-shell.o(.text)
    shell_exit                               0x08005785   Thumb Code     2  serial-shell.o(.text)
    serial_shell_init                        0x080057df   Thumb Code    12  serial-shell.o(.text)
    shell_output_str                         0x08005891   Thumb Code    80  shell.o(.text)
    shell_start_command                      0x08005b77   Thumb Code    86  shell.o(.text)
    shell_input                              0x08005bcd   Thumb Code   276  shell.o(.text)
    shell_output                             0x08005ce1   Thumb Code    56  shell.o(.text)
    shell_unregister_command                 0x08005d19   Thumb Code    16  shell.o(.text)
    shell_register_command                   0x08005d29   Thumb Code    78  shell.o(.text)
    shell_time                               0x08005e5f   Thumb Code    14  shell.o(.text)
    shell_set_time                           0x08005e6d   Thumb Code    16  shell.o(.text)
    shell_init                               0x08005f29   Thumb Code    84  shell.o(.text)
    shell_strtolong                          0x08005f7d   Thumb Code    86  shell.o(.text)
    shell_start                              0x08005fd3   Thumb Code    34  shell.o(.text)
    shell_stop                               0x08005ff5   Thumb Code     8  shell.o(.text)
    shell_quit                               0x08005ffd   Thumb Code    20  shell.o(.text)
    SystemInit                               0x08006155   Thumb Code    78  system_stm32f10x.o(.text)
    SystemCoreClockUpdate                    0x080061a3   Thumb Code   142  system_stm32f10x.o(.text)
    Reset_Handler                            0x08006255   Thumb Code     8  startup_stm32f10x_hd.o(.text)
    ADC1_2_IRQHandler                        0x0800626f   Thumb Code     0  startup_stm32f10x_hd.o(.text)
    ADC3_IRQHandler                          0x0800626f   Thumb Code     0  startup_stm32f10x_hd.o(.text)
    CAN1_RX1_IRQHandler                      0x0800626f   Thumb Code     0  startup_stm32f10x_hd.o(.text)
    CAN1_SCE_IRQHandler                      0x0800626f   Thumb Code     0  startup_stm32f10x_hd.o(.text)
    DMA1_Channel1_IRQHandler                 0x0800626f   Thumb Code     0  startup_stm32f10x_hd.o(.text)
    DMA1_Channel2_IRQHandler                 0x0800626f   Thumb Code     0  startup_stm32f10x_hd.o(.text)
    DMA1_Channel3_IRQHandler                 0x0800626f   Thumb Code     0  startup_stm32f10x_hd.o(.text)
    DMA1_Channel4_IRQHandler                 0x0800626f   Thumb Code     0  startup_stm32f10x_hd.o(.text)
    DMA1_Channel5_IRQHandler                 0x0800626f   Thumb Code     0  startup_stm32f10x_hd.o(.text)
    DMA1_Channel6_IRQHandler                 0x0800626f   Thumb Code     0  startup_stm32f10x_hd.o(.text)
    DMA1_Channel7_IRQHandler                 0x0800626f   Thumb Code     0  startup_stm32f10x_hd.o(.text)
    DMA2_Channel1_IRQHandler                 0x0800626f   Thumb Code     0  startup_stm32f10x_hd.o(.text)
    DMA2_Channel2_IRQHandler                 0x0800626f   Thumb Code     0  startup_stm32f10x_hd.o(.text)
    DMA2_Channel3_IRQHandler                 0x0800626f   Thumb Code     0  startup_stm32f10x_hd.o(.text)
    DMA2_Channel4_5_IRQHandler               0x0800626f   Thumb Code     0  startup_stm32f10x_hd.o(.text)
    EXTI0_IRQHandler                         0x0800626f   Thumb Code     0  startup_stm32f10x_hd.o(.text)
    EXTI1_IRQHandler                         0x0800626f   Thumb Code     0  startup_stm32f10x_hd.o(.text)
    EXTI2_IRQHandler                         0x0800626f   Thumb Code     0  startup_stm32f10x_hd.o(.text)
    EXTI3_IRQHandler                         0x0800626f   Thumb Code     0  startup_stm32f10x_hd.o(.text)
    EXTI4_IRQHandler                         0x0800626f   Thumb Code     0  startup_stm32f10x_hd.o(.text)
    EXTI9_5_IRQHandler                       0x0800626f   Thumb Code     0  startup_stm32f10x_hd.o(.text)
    FLASH_IRQHandler                         0x0800626f   Thumb Code     0  startup_stm32f10x_hd.o(.text)
    FSMC_IRQHandler                          0x0800626f   Thumb Code     0  startup_stm32f10x_hd.o(.text)
    I2C1_ER_IRQHandler                       0x0800626f   Thumb Code     0  startup_stm32f10x_hd.o(.text)
    I2C1_EV_IRQHandler                       0x0800626f   Thumb Code     0  startup_stm32f10x_hd.o(.text)
    I2C2_ER_IRQHandler                       0x0800626f   Thumb Code     0  startup_stm32f10x_hd.o(.text)
    I2C2_EV_IRQHandler                       0x0800626f   Thumb Code     0  startup_stm32f10x_hd.o(.text)
    PVD_IRQHandler                           0x0800626f   Thumb Code     0  startup_stm32f10x_hd.o(.text)
    RCC_IRQHandler                           0x0800626f   Thumb Code     0  startup_stm32f10x_hd.o(.text)
    RTCAlarm_IRQHandler                      0x0800626f   Thumb Code     0  startup_stm32f10x_hd.o(.text)
    RTC_IRQHandler                           0x0800626f   Thumb Code     0  startup_stm32f10x_hd.o(.text)
    SDIO_IRQHandler                          0x0800626f   Thumb Code     0  startup_stm32f10x_hd.o(.text)
    SPI1_IRQHandler                          0x0800626f   Thumb Code     0  startup_stm32f10x_hd.o(.text)
    SPI2_IRQHandler                          0x0800626f   Thumb Code     0  startup_stm32f10x_hd.o(.text)
    SPI3_IRQHandler                          0x0800626f   Thumb Code     0  startup_stm32f10x_hd.o(.text)
    TAMPER_IRQHandler                        0x0800626f   Thumb Code     0  startup_stm32f10x_hd.o(.text)
    TIM1_BRK_IRQHandler                      0x0800626f   Thumb Code     0  startup_stm32f10x_hd.o(.text)
    TIM1_CC_IRQHandler                       0x0800626f   Thumb Code     0  startup_stm32f10x_hd.o(.text)
    TIM1_TRG_COM_IRQHandler                  0x0800626f   Thumb Code     0  startup_stm32f10x_hd.o(.text)
    TIM1_UP_IRQHandler                       0x0800626f   Thumb Code     0  startup_stm32f10x_hd.o(.text)
    TIM3_IRQHandler                          0x0800626f   Thumb Code     0  startup_stm32f10x_hd.o(.text)
    TIM4_IRQHandler                          0x0800626f   Thumb Code     0  startup_stm32f10x_hd.o(.text)
    TIM5_IRQHandler                          0x0800626f   Thumb Code     0  startup_stm32f10x_hd.o(.text)
    TIM6_IRQHandler                          0x0800626f   Thumb Code     0  startup_stm32f10x_hd.o(.text)
    TIM7_IRQHandler                          0x0800626f   Thumb Code     0  startup_stm32f10x_hd.o(.text)
    TIM8_BRK_IRQHandler                      0x0800626f   Thumb Code     0  startup_stm32f10x_hd.o(.text)
    TIM8_CC_IRQHandler                       0x0800626f   Thumb Code     0  startup_stm32f10x_hd.o(.text)
    TIM8_TRG_COM_IRQHandler                  0x0800626f   Thumb Code     0  startup_stm32f10x_hd.o(.text)
    TIM8_UP_IRQHandler                       0x0800626f   Thumb Code     0  startup_stm32f10x_hd.o(.text)
    UART4_IRQHandler                         0x0800626f   Thumb Code     0  startup_stm32f10x_hd.o(.text)
    UART5_IRQHandler                         0x0800626f   Thumb Code     0  startup_stm32f10x_hd.o(.text)
    USART2_IRQHandler                        0x0800626f   Thumb Code     0  startup_stm32f10x_hd.o(.text)
    USART3_IRQHandler                        0x0800626f   Thumb Code     0  startup_stm32f10x_hd.o(.text)
    USBWakeUp_IRQHandler                     0x0800626f   Thumb Code     0  startup_stm32f10x_hd.o(.text)
    USB_HP_CAN1_TX_IRQHandler                0x0800626f   Thumb Code     0  startup_stm32f10x_hd.o(.text)
    USB_LP_CAN1_RX0_IRQHandler               0x0800626f   Thumb Code     0  startup_stm32f10x_hd.o(.text)
    WWDG_IRQHandler                          0x0800626f   Thumb Code     0  startup_stm32f10x_hd.o(.text)
    __rt_ctype_table                         0x08006279   Thumb Code     4  ctype_o.o(.text)
    ___aeabi_memcpy4$move                    0x08006281   Thumb Code     0  memmovea.o(.text)
    ___aeabi_memcpy8$move                    0x08006281   Thumb Code     0  memmovea.o(.text)
    __aeabi_memcpy                           0x08006281   Thumb Code    64  memmovea.o(.text)
    __aeabi_memmove                          0x08006281   Thumb Code     0  memmovea.o(.text)
    __aeabi_memmove4                         0x08006281   Thumb Code     0  memmovea.o(.text)
    __aeabi_memmove8                         0x08006281   Thumb Code     0  memmovea.o(.text)
    __aeabi_memset                           0x080062c1   Thumb Code    14  memseta.o(.text)
    __aeabi_memset4                          0x080062c1   Thumb Code     0  memseta.o(.text)
    __aeabi_memset8                          0x080062c1   Thumb Code     0  memseta.o(.text)
    __aeabi_memclr                           0x080062cf   Thumb Code     4  memseta.o(.text)
    __aeabi_memclr4                          0x080062cf   Thumb Code     0  memseta.o(.text)
    __aeabi_memclr8                          0x080062cf   Thumb Code     0  memseta.o(.text)
    _memset$wrapper                          0x080062d3   Thumb Code    18  memseta.o(.text)
    strchr                                   0x080062e5   Thumb Code    20  strchr.o(.text)
    strlen                                   0x080062f9   Thumb Code    14  strlen.o(.text)
    strcmp                                   0x08006307   Thumb Code    28  strcmp.o(.text)
    strncmp                                  0x08006323   Thumb Code    30  strncmp.o(.text)
    __aeabi_uldivmod                         0x08006341   Thumb Code    98  uldiv.o(.text)
    __scatterload                            0x080063a5   Thumb Code    28  init.o(.text)
    __scatterload_rt2                        0x080063a5   Thumb Code     0  init.o(.text)
    __aeabi_llsl                             0x080063c9   Thumb Code    30  llshl.o(.text)
    _ll_shift_l                              0x080063c9   Thumb Code     0  llshl.o(.text)
    __aeabi_llsr                             0x080063e7   Thumb Code    32  llushr.o(.text)
    _ll_ushift_r                             0x080063e7   Thumb Code     0  llushr.o(.text)
    __decompress                             0x08006407   Thumb Code     0  __dczerorl2.o(.text)
    __decompress1                            0x08006407   Thumb Code    92  __dczerorl2.o(.text)
    __0printf$8                              0x08006465   Thumb Code    22  printf8.o(i.__0printf$8)
    __1printf$8                              0x08006465   Thumb Code     0  printf8.o(i.__0printf$8)
    __2printf                                0x08006465   Thumb Code     0  printf8.o(i.__0printf$8)
    __scatterload_copy                       0x08006485   Thumb Code    14  handlers.o(i.__scatterload_copy)
    __scatterload_null                       0x08006493   Thumb Code     2  handlers.o(i.__scatterload_null)
    __scatterload_zeroinit                   0x08006495   Thumb Code    14  handlers.o(i.__scatterload_zeroinit)
    uip_broadcast_addr                       0x08006902   Data           4  uip.o(.constdata)
    uip_all_zeroes_addr                      0x08006906   Data           4  uip.o(.constdata)
    __ctype_table                            0x08006910   Data         129  ctype_o.o(.constdata)
    Region$$Table$$Base                      0x08006b0c   Number         0  anon$$obj.o(Region$$Table)
    Region$$Table$$Limit                     0x08006b2c   Number         0  anon$$obj.o(Region$$Table)
    etimer_process                           0x20000000   Data          16  etimer.o(.data)
    process_list                             0x20000018   Data           4  process.o(.data)
    process_current                          0x2000001c   Data           4  process.o(.data)
    linkaddr_node_addr                       0x2000003c   Data           2  linkaddr.o(.data)
    serial_line_process                      0x20000040   Data          16  serial-line.o(.data)
    serial_line_event_message                0x20000060   Data           1  serial-line.o(.data)
    uip_lladdr                               0x20000064   Data           6  uip.o(.data)
    uip_hostaddr                             0x2000006a   Data           4  uip.o(.data)
    uip_draddr                               0x2000006e   Data           4  uip.o(.data)
    uip_netmask                              0x20000072   Data           4  uip.o(.data)
    uip_appdata                              0x20000078   Data           4  uip.o(.data)
    uip_sappdata                             0x2000007c   Data           4  uip.o(.data)
    uip_len                                  0x20000080   Data           2  uip.o(.data)
    uip_slen                                 0x20000082   Data           2  uip.o(.data)
    uip_flags                                0x20000084   Data           1  uip.o(.data)
    uip_conn                                 0x20000088   Data           4  uip.o(.data)
    uip_udp_conn                             0x2000008c   Data           4  uip.o(.data)
    uip_acc32                                0x20000098   Data           4  uip.o(.data)
    tcpip_process                            0x200000a8   Data          16  tcpip.o(.data)
    tcpip_event                              0x200000bd   Data           1  tcpip.o(.data)
    blink_process                            0x20000100   Data          16  led_blink.o(.data)
    stm32_shell_process                      0x20000114   Data          16  stm32_shell.o(.data)
    shell_blink_process                      0x20000124   Data          16  shell_blink.o(.data)
    rtimer_ex_process                        0x20000148   Data          16  rtimer_example.o(.data)
    enc_ex_process                           0x20000160   Data          16  stm32_enc_example.o(.data)
    uip_mac                                  0x20000180   Data           6  stm32_enc_example.o(.data)
    idle_count                               0x20000188   Data           4  contiki-main.o(.data)
    serial_shell_process                     0x20000190   Data          16  serial-shell.o(.data)
    shell_process                            0x200001c8   Data          16  shell.o(.data)
    shell_server_process                     0x200001d8   Data          16  shell.o(.data)
    help_command_process                     0x200001e8   Data          16  shell.o(.data)
    shell_killall_process                    0x20000220   Data          16  shell.o(.data)
    shell_kill_process                       0x20000244   Data          16  shell.o(.data)
    shell_null_process                       0x20000268   Data          16  shell.o(.data)
    shell_exit_process                       0x2000028c   Data          16  shell.o(.data)
    shell_event_input                        0x200002c8   Data           4  shell.o(.data)
    SystemCoreClock                          0x200002d4   Data           4  system_stm32f10x.o(.data)
    AHBPrescTable                            0x200002d8   Data          16  system_stm32f10x.o(.data)
    __stdout                                 0x200002e8   Data           4  stdout.o(.data)
    uip_aligned_buf                          0x2000056c   Data        1280  uip.o(.bss)
    uip_conns                                0x20000a6c   Data         360  uip.o(.bss)
    uip_listenports                          0x20000bd4   Data          40  uip.o(.bss)
    uip_udp_conns                            0x20000bfc   Data         200  uip.o(.bss)
    __initial_sp                             0x20001208   Data           0  startup_stm32f10x_hd.o(STACK)



==============================================================================

Memory Map of the image

  Image Entry point : 0x08000131

  Load Region LR_IROM1 (Base: 0x08000000, Size: 0x00006e18, Max: 0x00020000, ABSOLUTE, COMPRESSED[0x00006c30])

    Execution Region ER_IROM1 (Base: 0x08000000, Size: 0x00006b2c, Max: 0x00020000, ABSOLUTE)

    Base Addr    Size         Type   Attr      Idx    E Section Name        Object

    0x08000000   0x00000130   Data   RO         1911    RESET               startup_stm32f10x_hd.o
    0x08000130   0x00000000   Code   RO         1916  * .ARM.Collect$$$$00000000  mc_w.l(entry.o)
    0x08000130   0x00000004   Code   RO         2231    .ARM.Collect$$$$00000001  mc_w.l(entry2.o)
    0x08000134   0x00000004   Code   RO         2234    .ARM.Collect$$$$00000004  mc_w.l(entry5.o)
    0x08000138   0x00000000   Code   RO         2236    .ARM.Collect$$$$00000008  mc_w.l(entry7b.o)
    0x08000138   0x00000000   Code   RO         2238    .ARM.Collect$$$$0000000A  mc_w.l(entry8b.o)
    0x08000138   0x00000008   Code   RO         2239    .ARM.Collect$$$$0000000B  mc_w.l(entry9a.o)
    0x08000140   0x00000000   Code   RO         2241    .ARM.Collect$$$$0000000D  mc_w.l(entry10a.o)
    0x08000140   0x00000000   Code   RO         2243    .ARM.Collect$$$$0000000F  mc_w.l(entry11a.o)
    0x08000140   0x00000004   Code   RO         2232    .ARM.Collect$$$$00002712  mc_w.l(entry2.o)
    0x08000144   0x00000260   Code   RO          177    .text               etimer.o
    0x080003a4   0x00000348   Code   RO          216    .text               process.o
    0x080006ec   0x00000074   Code   RO          239    .text               rtimer.o
    0x08000760   0x00000054   Code   RO          268    .text               timer.o
    0x080007b4   0x00000114   Code   RO          674    .text               list.o
    0x080008c8   0x00000076   Code   RO          793    .text               ringbuf.o
    0x0800093e   0x00000002   PAD
    0x08000940   0x00000138   Code   RO          837    .text               serial-line.o
    0x08000a78   0x000013a0   Code   RO          857    .text               uip.o
    0x08001e18   0x00000424   Code   RO          887    .text               uip_arp.o
    0x0800223c   0x00000452   Code   RO          906    .text               tcpip.o
    0x0800268e   0x00000002   PAD
    0x08002690   0x000000b8   Code   RO          976    .text               clock.o
    0x08002748   0x000000dc   Code   RO         1079    .text               debug-uart.o
    0x08002824   0x000000dc   Code   RO         1095    .text               misc.o
    0x08002900   0x0000011c   Code   RO         1290    .text               stm32f10x_exti.o
    0x08002a1c   0x00000358   Code   RO         1335    .text               stm32f10x_gpio.o
    0x08002d74   0x000003a4   Code   RO         1389    .text               stm32f10x_rcc.o
    0x08003118   0x0000030c   Code   RO         1433    .text               stm32f10x_spi.o
    0x08003424   0x00000e1a   Code   RO         1448    .text               stm32f10x_tim.o
    0x0800423e   0x00000002   PAD
    0x08004240   0x00000408   Code   RO         1463    .text               stm32f10x_usart.o
    0x08004648   0x00000128   Code   RO         1502    .text               rtimer-arch.o
    0x08004770   0x00000860   Code   RO         1516    .text               enc28j60.o
    0x08004fd0   0x000000ac   Code   RO         1536    .text               led_blink.o
    0x0800507c   0x00000028   Code   RO         1560    .text               stm32_shell.o
    0x080050a4   0x000000b4   Code   RO         1691    .text               shell_blink.o
    0x08005158   0x000000b4   Code   RO         1707    .text               rtimer_example.o
    0x0800520c   0x00000298   Code   RO         1726    .text               stm32_enc_example.o
    0x080054a4   0x00000078   Code   RO         1746    .text               contiki-main.o
    0x0800551c   0x00000032   Code   RO         1772    .text               stm32f10x_it.o
    0x0800554e   0x00000002   PAD
    0x08005550   0x00000040   Code   RO         1787    .text               uart1.o
    0x08005590   0x00000198   Code   RO         1804    .text               enc28j160_arch.o
    0x08005728   0x000000e8   Code   RO         1816    .text               serial-shell.o
    0x08005810   0x00000868   Code   RO         1840    .text               shell.o
    0x08006078   0x000001dc   Code   RO         1891    .text               system_stm32f10x.o
    0x08006254   0x00000024   Code   RO         1912    .text               startup_stm32f10x_hd.o
    0x08006278   0x00000008   Code   RO         1919    .text               mc_w.l(ctype_o.o)
    0x08006280   0x00000040   Code   RO         1952    .text               mc_w.l(memmovea.o)
    0x080062c0   0x00000024   Code   RO         1954    .text               mc_w.l(memseta.o)
    0x080062e4   0x00000014   Code   RO         1956    .text               mc_w.l(strchr.o)
    0x080062f8   0x0000000e   Code   RO         1958    .text               mc_w.l(strlen.o)
    0x08006306   0x0000001c   Code   RO         1960    .text               mc_w.l(strcmp.o)
    0x08006322   0x0000001e   Code   RO         1964    .text               mc_w.l(strncmp.o)
    0x08006340   0x00000062   Code   RO         2248    .text               mc_w.l(uldiv.o)
    0x080063a2   0x00000002   PAD
    0x080063a4   0x00000024   Code   RO         2261    .text               mc_w.l(init.o)
    0x080063c8   0x0000001e   Code   RO         2263    .text               mc_w.l(llshl.o)
    0x080063e6   0x00000020   Code   RO         2265    .text               mc_w.l(llushr.o)
    0x08006406   0x0000005c   Code   RO         2279    .text               mc_w.l(__dczerorl2.o)
    0x08006462   0x00000002   PAD
    0x08006464   0x00000020   Code   RO         2177    i.__0printf$8       mc_w.l(printf8.o)
    0x08006484   0x0000000e   Code   RO         2273    i.__scatterload_copy  mc_w.l(handlers.o)
    0x08006492   0x00000002   Code   RO         2274    i.__scatterload_null  mc_w.l(handlers.o)
    0x08006494   0x0000000e   Code   RO         2275    i.__scatterload_zeroinit  mc_w.l(handlers.o)
    0x080064a2   0x00000002   PAD
    0x080064a4   0x00000408   Code   RO         2184    i._printf_core      mc_w.l(printf8.o)
    0x080068ac   0x00000026   Code   RO         2185    i._printf_post_padding  mc_w.l(printf8.o)
    0x080068d2   0x00000030   Code   RO         2186    i._printf_pre_padding  mc_w.l(printf8.o)
    0x08006902   0x00000008   Data   RO          859    .constdata          uip.o
    0x0800690a   0x00000006   Data   RO          889    .constdata          uip_arp.o
    0x08006910   0x00000081   Data   RO         1920    .constdata          mc_w.l(ctype_o.o)
    0x08006991   0x00000003   PAD
    0x08006994   0x00000004   Data   RO         1921    .constdata          mc_w.l(ctype_o.o)
    0x08006998   0x0000000c   Data   RO          178    .conststring        etimer.o
    0x080069a4   0x0000000e   Data   RO          839    .conststring        serial-line.o
    0x080069b2   0x0000000d   Data   RO          908    .conststring        tcpip.o
    0x080069bf   0x00000006   Data   RO         1538    .conststring        led_blink.o
    0x080069c5   0x00000014   Data   RO         1561    .conststring        stm32_shell.o
    0x080069d9   0x00000026   Data   RO         1692    .conststring        shell_blink.o
    0x080069ff   0x0000000f   Data   RO         1709    .conststring        rtimer_example.o
    0x08006a0e   0x00000011   Data   RO         1728    .conststring        stm32_enc_example.o
    0x08006a1f   0x00000015   Data   RO         1817    .conststring        serial-shell.o
    0x08006a34   0x000000d5   Data   RO         1842    .conststring        shell.o
    0x08006b09   0x00000003   PAD
    0x08006b0c   0x00000020   Data   RO         2271    Region$$Table       anon$$obj.o


    Execution Region RW_IRAM1 (Base: 0x20000000, Size: 0x00001208, Max: 0x00005000, ABSOLUTE, COMPRESSED[0x00000104])

    Base Addr    Size         Type   Attr      Idx    E Section Name        Object

    0x20000000   0x00000018   Data   RW          179    .data               etimer.o
    0x20000018   0x0000001d   Data   RW          218    .data               process.o
    0x20000035   0x00000003   PAD
    0x20000038   0x00000004   Data   RW          240    .data               rtimer.o
    0x2000003c   0x00000002   Data   RW          282    .data               linkaddr.o
    0x2000003e   0x00000002   PAD
    0x20000040   0x00000021   Data   RW          840    .data               serial-line.o
    0x20000061   0x00000003   PAD
    0x20000064   0x0000003c   Data   RW          860    .data               uip.o
    0x200000a0   0x00000008   Data   RW          890    .data               uip_arp.o
    0x200000a8   0x0000001c   Data   RW          909    .data               tcpip.o
    0x200000c4   0x0000000c   Data   RW          977    .data               clock.o
    0x200000d0   0x00000014   Data   RW         1390    .data               stm32f10x_rcc.o
    0x200000e4   0x00000002   Data   RW         1503    .data               rtimer-arch.o
    0x200000e6   0x00000002   PAD
    0x200000e8   0x00000016   Data   RW         1517    .data               enc28j60.o
    0x200000fe   0x00000002   PAD
    0x20000100   0x00000011   Data   RW         1539    .data               led_blink.o
    0x20000111   0x00000003   PAD
    0x20000114   0x00000010   Data   RW         1562    .data               stm32_shell.o
    0x20000124   0x00000024   Data   RW         1693    .data               shell_blink.o
    0x20000148   0x00000010   Data   RW         1710    .data               rtimer_example.o
    0x20000158   0x0000002e   Data   RW         1729    .data               stm32_enc_example.o
    0x20000186   0x00000002   PAD
    0x20000188   0x00000004   Data   RW         1747    .data               contiki-main.o
    0x2000018c   0x00000004   Data   RW         1788    .data               uart1.o
    0x20000190   0x00000010   Data   RW         1818    .data               serial-shell.o
    0x200001a0   0x00000134   Data   RW         1843    .data               shell.o
    0x200002d4   0x00000014   Data   RW         1892    .data               system_stm32f10x.o
    0x200002e8   0x00000004   Data   RW         2245    .data               mc_w.l(stdout.o)
    0x200002ec   0x00000180   Zero   RW          217    .bss                process.o
    0x2000046c   0x00000100   Zero   RW          838    .bss                serial-line.o
    0x2000056c   0x00000758   Zero   RW          858    .bss                uip.o
    0x20000cc4   0x00000060   Zero   RW          888    .bss                uip_arp.o
    0x20000d24   0x000000b4   Zero   RW          907    .bss                tcpip.o
    0x20000dd8   0x00000010   Zero   RW         1537    .bss                led_blink.o
    0x20000de8   0x0000000c   Zero   RW         1708    .bss                rtimer_example.o
    0x20000df4   0x00000010   Zero   RW         1841    .bss                shell.o
    0x20000e04   0x00000004   PAD
    0x20000e08   0x00000400   Zero   RW         1909    STACK               startup_stm32f10x_hd.o


==============================================================================

Image component sizes


      Code (inc. data)   RO Data    RW Data    ZI Data      Debug   Object Name

         0          0          0          0          0       9964   arg.o
       184         24          0         12          0     264145   clock.o
         0          0          0          0          0      11050   compower.o
       120         30          0          4          0        592   contiki-main.o
         0          0          0          0          0         32   core_cm3.o
         0          0          0          0          0        672   ctimer.o
       220         10          0          0          0        980   debug-uart.o
       408          8          0          0          0       2074   enc28j160_arch.o
      2144        498          0         22          0       5254   enc28j60.o
       608         18         12         24          0       4582   etimer.o
       172         14          6         17         16       2086   led_blink.o
         0          0          0          2          0        947   linkaddr.o
       276          0          0          0          0       3099   list.o
       220         20          0          0          0      12353   misc.o
         0          0          0          0          0       1200   print-stats.o
       840         48          0         29        384       6513   process.o
       118          0          0          0          0       1921   ringbuf.o
       296          8          0          2          0       2210   rtimer-arch.o
       116          4          0          4          0       1413   rtimer.o
       180         18         15         16         12       2612   rtimer_example.o
       312         32         14         33        256       1966   serial-line.o
       232         38         21         16          0       2100   serial-shell.o
      2152        304        213        308         16      10794   shell.o
       180         32         38         36          0       1777   shell_blink.o
        36          8        304          0       1024        800   startup_stm32f10x_hd.o
       664         52         17         46          0       3146   stm32_enc_example.o
        40          0         20         16          0       2750   stm32_shell.o
       284         10          0          0          0       4543   stm32f10x_exti.o
       856         40          0          0          0      14141   stm32f10x_gpio.o
        50          0          0          0          0       1239   stm32f10x_it.o
       932         44          0         20          0      17676   stm32f10x_rcc.o
       780         14          0          0          0      13574   stm32f10x_spi.o
      3610         88          0          0          0      42616   stm32f10x_tim.o
      1032         22          0          0          0      14552   stm32f10x_usart.o
       476         36          0         20          0       1719   system_stm32f10x.o
      1106         76         13         28        180      16832   tcpip.o
        84          0          0          0          0       1516   timer.o
        64         10          0          4          0       1144   uart1.o
      5024        252          8         60       1880      18586   uip.o
      1060         64          6          8         96       3531   uip_arp.o

    ----------------------------------------------------------------------
     24884       1822        722        744       3868     508701   Object Totals
         0          0         32          0          0          0   (incl. Generated)
         8          0          3         17          4          0   (incl. Padding)

    ----------------------------------------------------------------------

      Code (inc. data)   RO Data    RW Data    ZI Data      Debug   Library Member Name

        92          0          0          0          0          0   __dczerorl2.o
         8          4        133          0          0         68   ctype_o.o
         0          0          0          0          0          0   entry.o
         0          0          0          0          0          0   entry10a.o
         0          0          0          0          0          0   entry11a.o
         8          4          0          0          0          0   entry2.o
         4          0          0          0          0          0   entry5.o
         0          0          0          0          0          0   entry7b.o
         0          0          0          0          0          0   entry8b.o
         8          4          0          0          0          0   entry9a.o
        30          0          0          0          0          0   handlers.o
        36          8          0          0          0         68   init.o
        30          0          0          0          0         68   llshl.o
        32          0          0          0          0         68   llushr.o
        64          0          0          0          0         76   memmovea.o
        36          0          0          0          0        108   memseta.o
      1150         54          0          0          0        352   printf8.o
         0          0          0          4          0          0   stdout.o
        20          0          0          0          0         68   strchr.o
        28          0          0          0          0         76   strcmp.o
        14          0          0          0          0         68   strlen.o
        30          0          0          0          0         80   strncmp.o
        98          0          0          0          0         92   uldiv.o

    ----------------------------------------------------------------------
      1694         74        136          4          0       1192   Library Totals
         6          0          3          0          0          0   (incl. Padding)

    ----------------------------------------------------------------------

      Code (inc. data)   RO Data    RW Data    ZI Data      Debug   Library Name

      1688         74        133          4          0       1192   mc_w.l

    ----------------------------------------------------------------------
      1694         74        136          4          0       1192   Library Totals

    ----------------------------------------------------------------------

==============================================================================


      Code (inc. data)   RO Data    RW Data    ZI Data      Debug   

     26578       1896        858        748       3868     505889   Grand Totals
     26578       1896        858        260       3868     505889   ELF Image Totals (compressed)
     26578       1896        858        260          0          0   ROM Totals

==============================================================================

    Total RO  Size (Code + RO Data)                27436 (  26.79kB)
    Total RW  Size (RW Data + ZI Data)              4616 (   4.51kB)
    Total ROM Size (Code + RO Data + RW Data)      27696 (  27.05kB)

==============================================================================

